Archive member included to satisfy reference by file (symbol)

/opt/devkitpro/libnds/lib/libnds9.a(background.o)
                              Sytem.o (bgState)
/opt/devkitpro/libnds/lib/libnds9.a(sassert.o)
                              Sytem.o (__sassert)
/opt/devkitpro/libnds/lib/libnds9.a(sprite_alloc.o)
                              Sprite.o (oamAllocateGfx)
/opt/devkitpro/libnds/lib/libnds9.a(console.o)
                              /opt/devkitpro/libnds/lib/libnds9.a(sassert.o) (consoleDemoInit)
/opt/devkitpro/libnds/lib/libnds9.a(trig.o)
                              /opt/devkitpro/libnds/lib/libnds9.a(background.o) (sinLerp)
/opt/devkitpro/libnds/lib/libnds9.a(sprite.o)
                              Sytem.o (oamInit)
/opt/devkitpro/libnds/lib/libnds9.a(keys.o)
                              main.o (scanKeys)
/opt/devkitpro/libnds/lib/libnds9.a(initSystem.o)
                              /opt/devkitpro/devkitARM/lib/gcc/arm-none-eabi/8.1.0/../../../../arm-none-eabi/lib/ds_arm9_crt0.o (initSystem)
/opt/devkitpro/libnds/lib/libnds9.a(timeSupport.o)
                              /opt/devkitpro/libnds/lib/libnds9.a(initSystem.o) (__libnds_gtod)
/opt/devkitpro/libnds/lib/libnds9.a(securearea.o)
                              /opt/devkitpro/devkitARM/lib/gcc/arm-none-eabi/8.1.0/../../../../arm-none-eabi/lib/ds_arm9_crt0.o (__secure_area__)
/opt/devkitpro/libnds/lib/libnds9.a(interrupts.o)
                              /opt/devkitpro/libnds/lib/libnds9.a(initSystem.o) (irqInit)
/opt/devkitpro/libnds/lib/libnds9.a(libnds_exit.arm.o)
                              /opt/devkitpro/devkitARM/lib/gcc/arm-none-eabi/8.1.0/../../../../arm-none-eabi/lib/ds_arm9_crt0.o (__libnds_exit)
/opt/devkitpro/libnds/lib/libnds9.a(fifosystem.o)
                              /opt/devkitpro/libnds/lib/libnds9.a(initSystem.o) (fifoSetValue32Handler)
/opt/devkitpro/libnds/lib/libnds9.a(dcache.o)
                              /opt/devkitpro/libnds/lib/libnds9.a(sprite.o) (DC_FlushRange)
/opt/devkitpro/libnds/lib/libnds9.a(mpu_setup.o)
                              /opt/devkitpro/devkitARM/lib/gcc/arm-none-eabi/8.1.0/../../../../arm-none-eabi/lib/ds_arm9_crt0.o (__libnds_mpu_setup)
/opt/devkitpro/libnds/lib/libnds9.a(IntrWait.o)
                              main.o (swiWaitForVBlank)
/opt/devkitpro/libnds/lib/libnds9.a(cpu_clock.o)
                              /opt/devkitpro/libnds/lib/libnds9.a(initSystem.o) (setCpuClock)
/opt/devkitpro/libnds/lib/libnds9.a(interruptDispatcher.o)
                              /opt/devkitpro/libnds/lib/libnds9.a(interrupts.o) (IntrMain)
/opt/devkitpro/libnds/lib/libnds9.a(debugprint.o)
                              /opt/devkitpro/libnds/lib/libnds9.a(console.o) (nocashWrite)
/opt/devkitpro/libnds/lib/libnds9.a(swiSoftReset.o)
                              /opt/devkitpro/libnds/lib/libnds9.a(fifosystem.o) (swiSoftReset)
/opt/devkitpro/libnds/lib/libnds9.a(default_font.bin.o)
                              /opt/devkitpro/libnds/lib/libnds9.a(console.o) (default_font_bin)
/opt/devkitpro/libnds/lib/libnds9.a(video.o)
                              /opt/devkitpro/libnds/lib/libnds9.a(initSystem.o) (vramDefault)
/opt/devkitpro/libnds/lib/libnds9.a(system.o)
                              /opt/devkitpro/libnds/lib/libnds9.a(initSystem.o) (systemValueHandler)
/opt/devkitpro/libnds/lib/libnds9.a(biosCalls.o)
                              /opt/devkitpro/libnds/lib/libnds9.a(system.o) (swiDelay)
/opt/devkitpro/devkitARM/lib/gcc/arm-none-eabi/8.1.0/libgcc.a(_divsi3.o)
                              /opt/devkitpro/libnds/lib/libnds9.a(console.o) (__aeabi_idivmod)
/opt/devkitpro/devkitARM/lib/gcc/arm-none-eabi/8.1.0/libgcc.a(_dvmd_tls.o)
                              /opt/devkitpro/devkitARM/lib/gcc/arm-none-eabi/8.1.0/libgcc.a(_divsi3.o) (__aeabi_idiv0)
/opt/devkitpro/devkitARM/lib/gcc/arm-none-eabi/8.1.0/../../../../arm-none-eabi/lib/libg.a(lib_a-bsearch.o)
                              /opt/devkitpro/libnds/lib/libnds9.a(trig.o) (bsearch)
/opt/devkitpro/devkitARM/lib/gcc/arm-none-eabi/8.1.0/../../../../arm-none-eabi/lib/libg.a(lib_a-init.o)
                              /opt/devkitpro/devkitARM/lib/gcc/arm-none-eabi/8.1.0/../../../../arm-none-eabi/lib/ds_arm9_crt0.o (__libc_init_array)
/opt/devkitpro/devkitARM/lib/gcc/arm-none-eabi/8.1.0/../../../../arm-none-eabi/lib/libg.a(lib_a-iprintf.o)
                              /opt/devkitpro/libnds/lib/libnds9.a(sassert.o) (iprintf)
/opt/devkitpro/devkitARM/lib/gcc/arm-none-eabi/8.1.0/../../../../arm-none-eabi/lib/libg.a(lib_a-malloc.o)
                              /opt/devkitpro/libnds/lib/libnds9.a(sprite_alloc.o) (malloc)
/opt/devkitpro/devkitARM/lib/gcc/arm-none-eabi/8.1.0/../../../../arm-none-eabi/lib/libg.a(lib_a-mallocr.o)
                              /opt/devkitpro/devkitARM/lib/gcc/arm-none-eabi/8.1.0/../../../../arm-none-eabi/lib/libg.a(lib_a-malloc.o) (_malloc_r)
[...]
Memory Configuration

Name             Origin             Length             Attributes
ewram            0x0000000002000000 0x0000000000380000
dtcm             0x000000000b000000 0x0000000000004000
vectors          0x0000000001000000 0x0000000000000100
itcm             0x0000000001000100 0x0000000000007f00
*default*        0x0000000000000000 0xffffffffffffffff

Linker script and memory map

                0x0000000002380000                __ewram_end = (ORIGIN (ewram) + LENGTH (ewram))
                0x0000000002380000                __eheap_end = (ORIGIN (ewram) + LENGTH (ewram))
                0x000000000b004000                __dtcm_top = (ORIGIN (dtcm) + LENGTH (dtcm))
                0x000000000b003ff8                __irq_flags = (__dtcm_top - 0x8)
                0x000000000b003ffc                __irq_vector = (__dtcm_top - 0x4)
                0x000000000b003f00                __sp_svc = (__dtcm_top - 0x100)
                0x000000000b003e00                __sp_irq = (__sp_svc - 0x100)
                0x000000000b003d00                __sp_usr = (__sp_irq - 0x100)

.secure         0x0000000002000000      0x800
 *(.secure)
 .secure        0x0000000002000000      0x800 /opt/devkitpro/libnds/lib/libnds9.a(securearea.o)
                0x0000000002000000                __secure_area__

.crt0           0x0000000002000800      0x300
                0x0000000002000800                __text_start = .
 *(.crt0)
 .crt0          0x0000000002000800      0x300 /opt/devkitpro/devkitARM/lib/gcc/arm-none-eabi/8.1.0/../../../../arm-none-eabi/lib/ds_arm9_crt0.o
                0x0000000002000800                _start
                0x0000000002000b00                . = ALIGN (0x4)

.plt
 *(.plt)

.init           0x0000000002000b00       0x18
 *(SORT_NONE(.init))
 .init          0x0000000002000b00        0xc /opt/devkitpro/devkitARM/lib/gcc/arm-none-eabi/8.1.0/crti.o
                0x0000000002000b00                _init
 .init          0x0000000002000b0c        0xc /opt/devkitpro/devkitARM/lib/gcc/arm-none-eabi/8.1.0/crtn.o

.text           0x0000000002000b18     0xc968
 *(EXCLUDE_FILE(*.twl* *.vectors* *.itcm*) .text)
 .text          0x0000000002000b18      0x924 Sytem.o
                0x0000000002000b18                LoadRam()
                0x0000000002000b40                LoadVideo()
                0x0000000002000b60                LoadOam()
                0x0000000002000b90                LoadBg(int, BgType, BgSize, int, int, bool, void const*, void*, unsigned long, void const*, unsigned long)
                0x0000000002000f3c                LoadMap(int, int, BgType, BgSize, int, int, bool, void const*, unsigned long, void const*, unsigned long, void const*, unsigned long)
 .text          0x000000000200143c      0x148 /opt/devkitpro/devkitARM/lib/gcc/arm-none-eabi/8.1.0/libgcc.a(_divsi3.o)
                0x000000000200143c                __aeabi_idiv
                0x000000000200143c                __divsi3
                0x0000000002001564                __aeabi_idivmod
 .text          0x0000000002001584        0x4 /opt/devkitpro/devkitARM/lib/gcc/arm-none-eabi/8.1.0/libgcc.a(_dvmd_tls.o)
                0x0000000002001584                __aeabi_ldiv0
                0x0000000002001584                __aeabi_idiv0
 .text          0x0000000002001588      0x224 /opt/devkitpro/devkitARM/lib/gcc/arm-none-eabi/8.1.0/../../../../arm-none-eabi/lib/libg.a(lib_a-strcmp.o)
                0x0000000002001588                strcmp
 .text          0x00000000020017ac      0x114 /opt/devkitpro/devkitARM/lib/gcc/arm-none-eabi/8.1.0/libgcc.a(_udivsi3.o)
                0x00000000020017ac                __udivsi3
                0x00000000020017ac                __aeabi_uidiv
                0x00000000020018a0                __aeabi_uidivmod
 .text          0x00000000020018c0       0x3c /opt/devkitpro/devkitARM/lib/gcc/arm-none-eabi/8.1.0/libgcc.a(_aeabi_uldivmod.o)
                0x00000000020018c0                __aeabi_uldivmod
 .text          0x00000000020018fc       0x28 /opt/devkitpro/devkitARM/lib/gcc/arm-none-eabi/8.1.0/libgcc.a(_clzdi2.o)
                0x00000000020018fc                __clzdi2
 .text          0x0000000002001924       0x48 /opt/devkitpro/devkitARM/lib/gcc/arm-none-eabi/8.1.0/libgcc.a(_clzsi2.o)
                0x0000000002001924                __clzsi2
 *(EXCLUDE_FILE(*.twl* *.vectors* *.itcm*) .stub)
 *(EXCLUDE_FILE(*.twl* *.vectors* *.itcm*) .text.*)
 .text.deregister_tm_clones
                0x000000000200196c       0x2c /opt/devkitpro/devkitARM/lib/gcc/arm-none-eabi/8.1.0/crtbegin.o
 .text.register_tm_clones
                0x0000000002001998       0x38 /opt/devkitpro/devkitARM/lib/gcc/arm-none-eabi/8.1.0/crtbegin.o
 .text.__do_global_dtors_aux
                0x00000000020019d0       0x44 /opt/devkitpro/devkitARM/lib/gcc/arm-none-eabi/8.1.0/crtbegin.o
 .text.frame_dummy
                0x0000000002001a14       0x34 /opt/devkitpro/devkitARM/lib/gcc/arm-none-eabi/8.1.0/crtbegin.o
 .text.startup  0x0000000002001a48       0x1c main.o
                0x0000000002001a48                main
 .text.checkIfText.part.0
                0x0000000002001a64       0x40 /opt/devkitpro/libnds/lib/libnds9.a(background.o)
 .text.bgUpdate
                0x0000000002001aa4      0x104 /opt/devkitpro/libnds/lib/libnds9.a(background.o)
                0x0000000002001aa4                bgUpdate
 .text.bgInit_call
                0x0000000002001ba8      0x110 /opt/devkitpro/libnds/lib/libnds9.a(background.o)
                0x0000000002001ba8                bgInit_call
 .text.bgInitSub_call
                0x0000000002001cb8       0xf4 /opt/devkitpro/libnds/lib/libnds9.a(background.o)
                0x0000000002001cb8                bgInitSub_call
 .text.__sassert
                0x0000000002001dac       0x34 /opt/devkitpro/libnds/lib/libnds9.a(sassert.o)
                0x0000000002001dac                __sassert
 .text.oamAllocReset
                0x0000000002001de0       0x1c /opt/devkitpro/libnds/lib/libnds9.a(sprite_alloc.o)
                0x0000000002001de0                oamAllocReset
 .text.newRow   0x0000000002001dfc       0xb4 /opt/devkitpro/libnds/lib/libnds9.a(console.o)
 .text.consolePrintChar
                0x0000000002001eb0       0xec /opt/devkitpro/libnds/lib/libnds9.a(console.o)
                0x0000000002001eb0                consolePrintChar
 .text.consoleCls
                0x0000000002001f9c       0xe0 /opt/devkitpro/libnds/lib/libnds9.a(console.o)
 .text.consoleLoadFont
                0x000000000200207c      0x280 /opt/devkitpro/libnds/lib/libnds9.a(console.o)
                0x000000000200207c                consoleLoadFont
 .text.consoleInit
                0x00000000020022fc      0x15c /opt/devkitpro/libnds/lib/libnds9.a(console.o)
                0x00000000020022fc                consoleInit
 .text.consoleDemoInit
                0x0000000002002458       0x40 /opt/devkitpro/libnds/lib/libnds9.a(console.o)
                0x0000000002002458                consoleDemoInit
 .text.con_write
                0x0000000002002498      0x27c /opt/devkitpro/libnds/lib/libnds9.a(console.o)
                0x0000000002002498                con_write
 .text.sinLutLookup
                0x0000000002002714       0x3c /opt/devkitpro/libnds/lib/libnds9.a(trig.o)
                0x0000000002002714                sinLutLookup
 .text.sinLerp  0x0000000002002750       0x44 /opt/devkitpro/libnds/lib/libnds9.a(trig.o)
                0x0000000002002750                sinLerp
 .text.cosLerp  0x0000000002002794       0x14 /opt/devkitpro/libnds/lib/libnds9.a(trig.o)
                0x0000000002002794                cosLerp
 .text.oamInit  0x00000000020027a8      0x11c /opt/devkitpro/libnds/lib/libnds9.a(sprite.o)
                0x00000000020027a8                oamInit
 .text.scanKeys
                0x00000000020028c4       0x8c /opt/devkitpro/libnds/lib/libnds9.a(keys.o)
                0x00000000020028c4                scanKeys
 .text.initSystem
                0x0000000002002950      0x198 /opt/devkitpro/libnds/lib/libnds9.a(initSystem.o)
                0x0000000002002950                initSystem
 .text.__libnds_gtod
                0x0000000002002ae8       0x28 /opt/devkitpro/libnds/lib/libnds9.a(timeSupport.o)
                0x0000000002002ae8                __libnds_gtod
 .text.irqDummy
                0x0000000002002b10        0x4 /opt/devkitpro/libnds/lib/libnds9.a(interrupts.o)
                0x0000000002002b10                irqDummy
 .text.irqSet   0x0000000002002b14       0x6c /opt/devkitpro/libnds/lib/libnds9.a(interrupts.o)
                0x0000000002002b14                irqSet
 .text.irqInit  0x0000000002002b80       0x50 /opt/devkitpro/libnds/lib/libnds9.a(interrupts.o)
                0x0000000002002b80                irqInit
 .text.irqEnable
                0x0000000002002bd0       0x64 /opt/devkitpro/libnds/lib/libnds9.a(interrupts.o)
                0x0000000002002bd0                irqEnable
 .text.systemErrorExit
                0x0000000002002c34        0x4 /opt/devkitpro/libnds/lib/libnds9.a(libnds_exit.arm.o)
                0x0000000002002c34                systemErrorExit
 .text.__libnds_exit
                0x0000000002002c38       0x5c /opt/devkitpro/libnds/lib/libnds9.a(libnds_exit.arm.o)
                0x0000000002002c38                __libnds_exit
 .text.fifo_waitBlock
                0x0000000002002c94       0x80 /opt/devkitpro/libnds/lib/libnds9.a(fifosystem.o)
 .text.fifo_queueBlock
                0x0000000002002d14       0x40 /opt/devkitpro/libnds/lib/libnds9.a(fifosystem.o)
 .text.fifoInternalSendInterrupt
                0x0000000002002d54       0xac /opt/devkitpro/libnds/lib/libnds9.a(fifosystem.o)
 .text.fifoInternalSend.part.2
                0x0000000002002e00       0xd4 /opt/devkitpro/libnds/lib/libnds9.a(fifosystem.o)
 .text.fifoGetValue32.part.3
                0x0000000002002ed4       0x74 /opt/devkitpro/libnds/lib/libnds9.a(fifosystem.o)
 .text.fifoSetValue32Handler
                0x0000000002002f48       0x78 /opt/devkitpro/libnds/lib/libnds9.a(fifosystem.o)
                0x0000000002002f48                fifoSetValue32Handler
 .text.fifoSendValue32
                0x0000000002002fc0       0x4c /opt/devkitpro/libnds/lib/libnds9.a(fifosystem.o)
                0x0000000002002fc0                fifoSendValue32
 .text.fifoGetDatamsg
                0x000000000200300c      0x138 /opt/devkitpro/libnds/lib/libnds9.a(fifosystem.o)
                0x000000000200300c                fifoGetDatamsg
 .text.fifoInternalRecvInterrupt
                0x0000000002003144      0x3dc /opt/devkitpro/libnds/lib/libnds9.a(fifosystem.o)
 .text.fifoSetDatamsgHandler
                0x0000000002003520       0x9c /opt/devkitpro/libnds/lib/libnds9.a(fifosystem.o)
                0x0000000002003520                fifoSetDatamsgHandler
 .text.fifoInit
                0x00000000020035bc      0x104 /opt/devkitpro/libnds/lib/libnds9.a(fifosystem.o)
                0x00000000020035bc                fifoInit
 .text.DC_FlushRange
                0x00000000020036c0       0x24 /opt/devkitpro/libnds/lib/libnds9.a(dcache.o)
                0x00000000020036c0                DC_FlushRange
 .text.__libnds_mpu_setup
                0x00000000020036e4      0x174 /opt/devkitpro/libnds/lib/libnds9.a(mpu_setup.o)
                0x00000000020036e4                __libnds_mpu_setup
 .text.memUncached
                0x0000000002003858       0x20 /opt/devkitpro/libnds/lib/libnds9.a(mpu_setup.o)
                0x0000000002003858                memUncached
 .text.swiWaitForVBlank
                0x0000000002003878        0x8 /opt/devkitpro/libnds/lib/libnds9.a(IntrWait.o)
                0x0000000002003878                swiWaitForVBlank
 .text.swiIntrWait
                0x0000000002003880       0x70 /opt/devkitpro/libnds/lib/libnds9.a(IntrWait.o)
                0x0000000002003880                swiIntrWait
 .text.setCpuClock
                0x00000000020038f0       0x50 /opt/devkitpro/libnds/lib/libnds9.a(cpu_clock.o)
                0x00000000020038f0                setCpuClock
 .text.swiSoftReset
                0x0000000002003940       0x2c /opt/devkitpro/libnds/lib/libnds9.a(swiSoftReset.o)
                0x0000000002003940                swiSoftReset
 .text.vramDefault
                0x000000000200396c       0xd0 /opt/devkitpro/libnds/lib/libnds9.a(video.o)
                0x000000000200396c                vramDefault
 .text.systemValueHandler
                0x0000000002003a3c       0x48 /opt/devkitpro/libnds/lib/libnds9.a(system.o)
                0x0000000002003a3c                systemValueHandler
 .text.systemMsgHandler
                0x0000000002003a84       0x5c /opt/devkitpro/libnds/lib/libnds9.a(system.o)
                0x0000000002003a84                systemMsgHandler
 .text.powerOn  0x0000000002003ae0       0x2c /opt/devkitpro/libnds/lib/libnds9.a(system.o)
                0x0000000002003ae0                powerOn
 .text.swiDelay
                0x0000000002003b0c        0x4 /opt/devkitpro/libnds/lib/libnds9.a(biosCalls.o)
                0x0000000002003b0c                swiDelay
 .text.__libc_init_array
                0x0000000002003b10       0x88 /opt/devkitpro/devkitARM/lib/gcc/arm-none-eabi/8.1.0/../../../../arm-none-eabi/lib/libg.a(lib_a-init.o)
                0x0000000002003b10                __libc_init_array
 .text.iprintf  0x0000000002003b98       0x38 /opt/devkitpro/devkitARM/lib/gcc/arm-none-eabi/8.1.0/../../../../arm-none-eabi/lib/libg.a(lib_a-iprintf.o)
                0x0000000002003b98                iprintf
 .text.malloc   0x0000000002003bd0       0x1c /opt/devkitpro/devkitARM/lib/gcc/arm-none-eabi/8.1.0/../../../../arm-none-eabi/lib/libg.a(lib_a-malloc.o)
                0x0000000002003bd0                malloc
 .text.free     0x0000000002003bec       0x1c /opt/devkitpro/devkitARM/lib/gcc/arm-none-eabi/8.1.0/../../../../arm-none-eabi/lib/libg.a(lib_a-malloc.o)
                0x0000000002003bec                free
 .text._malloc_r
                0x0000000002003c08      0x788 /opt/devkitpro/devkitARM/lib/gcc/arm-none-eabi/8.1.0/../../../../arm-none-eabi/lib/libg.a(lib_a-mallocr.o)
                0x0000000002003c08                _malloc_r
 .text.memcpy   0x0000000002004390      0x11c /opt/devkitpro/devkitARM/lib/gcc/arm-none-eabi/8.1.0/../../../../arm-none-eabi/lib/libg.a(lib_a-memcpy-stub.o)
                0x0000000002004390                memcpy
 .text.memset   0x00000000020044ac      0x118 /opt/devkitpro/devkitARM/lib/gcc/arm-none-eabi/8.1.0/../../../../arm-none-eabi/lib/libg.a(lib_a-memset.o)
                0x00000000020044ac                memset
 .text.__malloc_lock
                0x00000000020045c4       0x18 /opt/devkitpro/devkitARM/lib/gcc/arm-none-eabi/8.1.0/../../../../arm-none-eabi/lib/libg.a(lib_a-mlock.o)
                0x00000000020045c4                __malloc_lock
 .text.__malloc_unlock
                0x00000000020045dc       0x18 /opt/devkitpro/devkitARM/lib/gcc/arm-none-eabi/8.1.0/../../../../arm-none-eabi/lib/libg.a(lib_a-mlock.o)
                0x00000000020045dc                __malloc_unlock
 .text.realloc  0x00000000020045f4       0x24 /opt/devkitpro/devkitARM/lib/gcc/arm-none-eabi/8.1.0/../../../../arm-none-eabi/lib/libg.a(lib_a-realloc.o)
                0x00000000020045f4                realloc
 .text._realloc_r
                0x0000000002004618      0x4dc /opt/devkitpro/devkitARM/lib/gcc/arm-none-eabi/8.1.0/../../../../arm-none-eabi/lib/libg.a(lib_a-reallocr.o)
                0x0000000002004618                _realloc_r
 .text.setvbuf  0x0000000002004af4      0x264 /opt/devkitpro/devkitARM/lib/gcc/arm-none-eabi/8.1.0/../../../../arm-none-eabi/lib/libg.a(lib_a-setvbuf.o)
                0x0000000002004af4                setvbuf
 .text.siscanf  0x0000000002004d58       0x74 /opt/devkitpro/devkitARM/lib/gcc/arm-none-eabi/8.1.0/../../../../arm-none-eabi/lib/libg.a(lib_a-siscanf.o)
                0x0000000002004d58                siscanf
 .text.__sread  0x0000000002004dcc       0x4c /opt/devkitpro/devkitARM/lib/gcc/arm-none-eabi/8.1.0/../../../../arm-none-eabi/lib/libg.a(lib_a-stdio.o)
                0x0000000002004dcc                __sread
 .text.__seofread
                0x0000000002004e18        0x8 /opt/devkitpro/devkitARM/lib/gcc/arm-none-eabi/8.1.0/../../../../arm-none-eabi/lib/libg.a(lib_a-stdio.o)
                0x0000000002004e18                __seofread
 .text.__swrite
                0x0000000002004e20       0x6c /opt/devkitpro/devkitARM/lib/gcc/arm-none-eabi/8.1.0/../../../../arm-none-eabi/lib/libg.a(lib_a-stdio.o)
                0x0000000002004e20                __swrite
 .text.__sseek  0x0000000002004e8c       0x54 /opt/devkitpro/devkitARM/lib/gcc/arm-none-eabi/8.1.0/../../../../arm-none-eabi/lib/libg.a(lib_a-stdio.o)
                0x0000000002004e8c                __sseek
 .text.__sclose
                0x0000000002004ee0       0x14 /opt/devkitpro/devkitARM/lib/gcc/arm-none-eabi/8.1.0/../../../../arm-none-eabi/lib/libg.a(lib_a-stdio.o)
                0x0000000002004ee0                __sclose
 .text.strlen   0x0000000002004ef4       0x60 /opt/devkitpro/devkitARM/lib/gcc/arm-none-eabi/8.1.0/../../../../arm-none-eabi/lib/libg.a(lib_a-strlen-stub.o)
                0x0000000002004ef4                strlen
 .text.get_arg  0x0000000002004f54       0x4c /opt/devkitpro/devkitARM/lib/gcc/arm-none-eabi/8.1.0/../../../../arm-none-eabi/lib/libg.a(lib_a-svfiscanf.o)
 .text._sungetc_r
                0x0000000002004fa0       0xe8 /opt/devkitpro/devkitARM/lib/gcc/arm-none-eabi/8.1.0/../../../../arm-none-eabi/lib/libg.a(lib_a-svfiscanf.o)
                0x0000000002004fa0                _sungetc_r
 .text.__ssrefill_r
                0x0000000002005088       0x68 /opt/devkitpro/devkitARM/lib/gcc/arm-none-eabi/8.1.0/../../../../arm-none-eabi/lib/libg.a(lib_a-svfiscanf.o)
                0x0000000002005088                __ssrefill_r
 .text._sfread_r
                0x00000000020050f0       0xcc /opt/devkitpro/devkitARM/lib/gcc/arm-none-eabi/8.1.0/../../../../arm-none-eabi/lib/libg.a(lib_a-svfiscanf.o)
                0x00000000020050f0                _sfread_r
 .text.__ssvfiscanf_r
                0x00000000020051bc     0x22b8 /opt/devkitpro/devkitARM/lib/gcc/arm-none-eabi/8.1.0/../../../../arm-none-eabi/lib/libg.a(lib_a-svfiscanf.o)
                0x00000000020051bc                __ssvfiscanf_r
 .text.__submore
                0x0000000002007474       0xb0 /opt/devkitpro/devkitARM/lib/gcc/arm-none-eabi/8.1.0/../../../../arm-none-eabi/lib/libg.a(lib_a-ungetc.o)
                0x0000000002007474                __submore
 .text.get_arg  0x0000000002007524      0x638 /opt/devkitpro/devkitARM/lib/gcc/arm-none-eabi/8.1.0/../../../../arm-none-eabi/lib/libg.a(lib_a-vfiprintf.o)
 .text.__sprint_r
                0x0000000002007b5c       0x34 /opt/devkitpro/devkitARM/lib/gcc/arm-none-eabi/8.1.0/../../../../arm-none-eabi/lib/libg.a(lib_a-vfiprintf.o)
                0x0000000002007b5c                __sprint_r
 .text._vfiprintf_r
                0x0000000002007b90     0x2578 /opt/devkitpro/devkitARM/lib/gcc/arm-none-eabi/8.1.0/../../../../arm-none-eabi/lib/libg.a(lib_a-vfiprintf.o)
                0x0000000002007b90                _vfiprintf_r
 .text.__sbprintf
                0x000000000200a108       0xd4 /opt/devkitpro/devkitARM/lib/gcc/arm-none-eabi/8.1.0/../../../../arm-none-eabi/lib/libg.a(lib_a-vfiprintf.o)
 .text.viprintf
                0x000000000200a1dc       0x28 /opt/devkitpro/devkitARM/lib/gcc/arm-none-eabi/8.1.0/../../../../arm-none-eabi/lib/libg.a(lib_a-viprintf.o)
                0x000000000200a1dc                viprintf
 .text._wcrtomb_r
                0x000000000200a204       0xac /opt/devkitpro/devkitARM/lib/gcc/arm-none-eabi/8.1.0/../../../../arm-none-eabi/lib/libg.a(lib_a-wcrtomb.o)
                0x000000000200a204                _wcrtomb_r
 .text._wcsrtombs_r
                0x000000000200a2b0       0x24 /opt/devkitpro/devkitARM/lib/gcc/arm-none-eabi/8.1.0/../../../../arm-none-eabi/lib/libg.a(lib_a-wcsrtombs.o)
                0x000000000200a2b0                _wcsrtombs_r
 .text.__swsetup_r
                0x000000000200a2d4      0x158 /opt/devkitpro/devkitARM/lib/gcc/arm-none-eabi/8.1.0/../../../../arm-none-eabi/lib/libg.a(lib_a-wsetup.o)
                0x000000000200a2d4                __swsetup_r
 .text.__sflush_r
                0x000000000200a42c      0x288 /opt/devkitpro/devkitARM/lib/gcc/arm-none-eabi/8.1.0/../../../../arm-none-eabi/lib/libg.a(lib_a-fflush.o)
                0x000000000200a42c                __sflush_r
 .text._fflush_r
                0x000000000200a6b4       0x9c /opt/devkitpro/devkitARM/lib/gcc/arm-none-eabi/8.1.0/../../../../arm-none-eabi/lib/libg.a(lib_a-fflush.o)
                0x000000000200a6b4                _fflush_r
 .text.std      0x000000000200a750       0x84 /opt/devkitpro/devkitARM/lib/gcc/arm-none-eabi/8.1.0/../../../../arm-none-eabi/lib/libg.a(lib_a-findfp.o)
 .text._cleanup_r
                0x000000000200a7d4       0x18 /opt/devkitpro/devkitARM/lib/gcc/arm-none-eabi/8.1.0/../../../../arm-none-eabi/lib/libg.a(lib_a-findfp.o)
                0x000000000200a7d4                _cleanup_r
 .text.__sinit  0x000000000200a7ec       0x94 /opt/devkitpro/devkitARM/lib/gcc/arm-none-eabi/8.1.0/../../../../arm-none-eabi/lib/libg.a(lib_a-findfp.o)
                0x000000000200a7ec                __sinit
 .text.__sfp_lock_acquire
                0x000000000200a880       0x18 /opt/devkitpro/devkitARM/lib/gcc/arm-none-eabi/8.1.0/../../../../arm-none-eabi/lib/libg.a(lib_a-findfp.o)
                0x000000000200a880                __sfp_lock_acquire
 .text.__sfp_lock_release
                0x000000000200a898       0x18 /opt/devkitpro/devkitARM/lib/gcc/arm-none-eabi/8.1.0/../../../../arm-none-eabi/lib/libg.a(lib_a-findfp.o)
                0x000000000200a898                __sfp_lock_release
 .text._malloc_trim_r
                0x000000000200a8b0      0x100 /opt/devkitpro/devkitARM/lib/gcc/arm-none-eabi/8.1.0/../../../../arm-none-eabi/lib/libg.a(lib_a-freer.o)
                0x000000000200a8b0                _malloc_trim_r
 .text._free_r  0x000000000200a9b0      0x2e0 /opt/devkitpro/devkitARM/lib/gcc/arm-none-eabi/8.1.0/../../../../arm-none-eabi/lib/libg.a(lib_a-freer.o)
                0x000000000200a9b0                _free_r
 .text.__sfvwrite_r
                0x000000000200ac90      0x4cc /opt/devkitpro/devkitARM/lib/gcc/arm-none-eabi/8.1.0/../../../../arm-none-eabi/lib/libg.a(lib_a-fvwrite.o)
                0x000000000200ac90                __sfvwrite_r
 .text._fwalk_reent
                0x000000000200b15c       0x8c /opt/devkitpro/devkitARM/lib/gcc/arm-none-eabi/8.1.0/../../../../arm-none-eabi/lib/libg.a(lib_a-fwalk.o)
                0x000000000200b15c                _fwalk_reent
 .text.iswspace
                0x000000000200b1e8       0x78 /opt/devkitpro/devkitARM/lib/gcc/arm-none-eabi/8.1.0/../../../../arm-none-eabi/lib/libg.a(lib_a-iswspace.o)
                0x000000000200b1e8                iswspace
 .text.__jp2uc  0x000000000200b260      0x1e8 /opt/devkitpro/devkitARM/lib/gcc/arm-none-eabi/8.1.0/../../../../arm-none-eabi/lib/libg.a(lib_a-jp2uc.o)
 .text._jp2uc   0x000000000200b448       0xc0 /opt/devkitpro/devkitARM/lib/gcc/arm-none-eabi/8.1.0/../../../../arm-none-eabi/lib/libg.a(lib_a-jp2uc.o)
                0x000000000200b448                _jp2uc
 .text._localeconv_r
                0x000000000200b508       0x28 /opt/devkitpro/devkitARM/lib/gcc/arm-none-eabi/8.1.0/../../../../arm-none-eabi/lib/libg.a(lib_a-localeconv.o)
                0x000000000200b508                _localeconv_r
 .text.__locale_mb_cur_max
                0x000000000200b530       0x28 /opt/devkitpro/devkitARM/lib/gcc/arm-none-eabi/8.1.0/../../../../arm-none-eabi/lib/libg.a(lib_a-locale.o)
                0x000000000200b530                __locale_mb_cur_max
 .text.__locale_ctype_ptr_l
                0x000000000200b558        0x8 /opt/devkitpro/devkitARM/lib/gcc/arm-none-eabi/8.1.0/../../../../arm-none-eabi/lib/libg.a(lib_a-locale.o)
                0x000000000200b558                __locale_ctype_ptr_l
 .text.__locale_ctype_ptr
                0x000000000200b560       0x28 /opt/devkitpro/devkitARM/lib/gcc/arm-none-eabi/8.1.0/../../../../arm-none-eabi/lib/libg.a(lib_a-locale.o)
                0x000000000200b560                __locale_ctype_ptr
 .text.__swhatbuf_r
                0x000000000200b588       0xa0 /opt/devkitpro/devkitARM/lib/gcc/arm-none-eabi/8.1.0/../../../../arm-none-eabi/lib/libg.a(lib_a-makebuf.o)
                0x000000000200b588                __swhatbuf_r
 .text.__smakebuf_r
                0x000000000200b628      0x100 /opt/devkitpro/devkitARM/lib/gcc/arm-none-eabi/8.1.0/../../../../arm-none-eabi/lib/libg.a(lib_a-makebuf.o)
                0x000000000200b628                __smakebuf_r
 .text._mbrtowc_r
                0x000000000200b728       0xc0 /opt/devkitpro/devkitARM/lib/gcc/arm-none-eabi/8.1.0/../../../../arm-none-eabi/lib/libg.a(lib_a-mbrtowc.o)
                0x000000000200b728                _mbrtowc_r
 .text.__utf8_mbtowc
                0x000000000200b7e8      0x308 /opt/devkitpro/devkitARM/lib/gcc/arm-none-eabi/8.1.0/../../../../arm-none-eabi/lib/libg.a(lib_a-mbtowc_r.o)
                0x000000000200b7e8                __utf8_mbtowc
 .text.memchr   0x000000000200baf0      0x110 /opt/devkitpro/devkitARM/lib/gcc/arm-none-eabi/8.1.0/../../../../arm-none-eabi/lib/libg.a(lib_a-memchr-stub.o)
                0x000000000200baf0                memchr
 .text.memmove  0x000000000200bc00      0x158 /opt/devkitpro/devkitARM/lib/gcc/arm-none-eabi/8.1.0/../../../../arm-none-eabi/lib/libg.a(lib_a-memmove.o)
                0x000000000200bc00                memmove
 .text.__sccl   0x000000000200bd58       0xcc /opt/devkitpro/devkitARM/lib/gcc/arm-none-eabi/8.1.0/../../../../arm-none-eabi/lib/libg.a(lib_a-sccl.o)
                0x000000000200bd58                __sccl
 .text.strncpy  0x000000000200be24       0xe8 /opt/devkitpro/devkitARM/lib/gcc/arm-none-eabi/8.1.0/../../../../arm-none-eabi/lib/libg.a(lib_a-strncpy.o)
                0x000000000200be24                strncpy
 .text._strtoll_l.isra.0
                0x000000000200bf0c      0x2a0 /opt/devkitpro/devkitARM/lib/gcc/arm-none-eabi/8.1.0/../../../../arm-none-eabi/lib/libg.a(lib_a-strtoll.o)
 .text._strtoll_r
                0x000000000200c1ac       0x54 /opt/devkitpro/devkitARM/lib/gcc/arm-none-eabi/8.1.0/../../../../arm-none-eabi/lib/libg.a(lib_a-strtoll.o)
                0x000000000200c1ac                _strtoll_r
 .text._strtol_l.isra.0
                0x000000000200c200      0x1bc /opt/devkitpro/devkitARM/lib/gcc/arm-none-eabi/8.1.0/../../../../arm-none-eabi/lib/libg.a(lib_a-strtol.o)
 .text._strtol_r
                0x000000000200c3bc       0x54 /opt/devkitpro/devkitARM/lib/gcc/arm-none-eabi/8.1.0/../../../../arm-none-eabi/lib/libg.a(lib_a-strtol.o)
                0x000000000200c3bc                _strtol_r
 .text._strtoull_l.isra.0
                0x000000000200c410      0x280 /opt/devkitpro/devkitARM/lib/gcc/arm-none-eabi/8.1.0/../../../../arm-none-eabi/lib/libg.a(lib_a-strtoull.o)
 .text._strtoull_r
                0x000000000200c690       0x54 /opt/devkitpro/devkitARM/lib/gcc/arm-none-eabi/8.1.0/../../../../arm-none-eabi/lib/libg.a(lib_a-strtoull.o)
                0x000000000200c690                _strtoull_r
 .text._strtoul_l.isra.0
                0x000000000200c6e4      0x1cc /opt/devkitpro/devkitARM/lib/gcc/arm-none-eabi/8.1.0/../../../../arm-none-eabi/lib/libg.a(lib_a-strtoul.o)
 .text._strtoul_r
                0x000000000200c8b0       0x54 /opt/devkitpro/devkitARM/lib/gcc/arm-none-eabi/8.1.0/../../../../arm-none-eabi/lib/libg.a(lib_a-strtoul.o)
                0x000000000200c8b0                _strtoul_r
 .text._wcsnrtombs_l
                0x000000000200c904      0x194 /opt/devkitpro/devkitARM/lib/gcc/arm-none-eabi/8.1.0/../../../../arm-none-eabi/lib/libg.a(lib_a-wcsnrtombs.o)
                0x000000000200c904                _wcsnrtombs_l
 .text._wcsnrtombs_r
                0x000000000200ca98       0x68 /opt/devkitpro/devkitARM/lib/gcc/arm-none-eabi/8.1.0/../../../../arm-none-eabi/lib/libg.a(lib_a-wcsnrtombs.o)
                0x000000000200ca98                _wcsnrtombs_r
 .text.__utf8_wctomb
                0x000000000200cb00       0xec /opt/devkitpro/devkitARM/lib/gcc/arm-none-eabi/8.1.0/../../../../arm-none-eabi/lib/libg.a(lib_a-wctomb_r.o)
                0x000000000200cb00                __utf8_wctomb
 .text._fclose_r
                0x000000000200cbec      0x16c /opt/devkitpro/devkitARM/lib/gcc/arm-none-eabi/8.1.0/../../../../arm-none-eabi/lib/libg.a(lib_a-fclose.o)
                0x000000000200cbec                _fclose_r
 .text.null_write
                0x000000000200cd58        0x8 /opt/devkitpro/devkitARM/lib/gcc/arm-none-eabi/8.1.0/../../../../arm-none-eabi/lib/libsysbase.a(iosupport.o)
 .text._close_r
                0x000000000200cd60       0x90 /opt/devkitpro/devkitARM/lib/gcc/arm-none-eabi/8.1.0/../../../../arm-none-eabi/lib/libsysbase.a(close.o)
                0x000000000200cd60                _close_r
 .text._fstat_r
                0x000000000200cdf0       0x78 /opt/devkitpro/devkitARM/lib/gcc/arm-none-eabi/8.1.0/../../../../arm-none-eabi/lib/libsysbase.a(fstat.o)
                0x000000000200cdf0                _fstat_r
 .text._isatty_r
                0x000000000200ce68        0x8 /opt/devkitpro/devkitARM/lib/gcc/arm-none-eabi/8.1.0/../../../../arm-none-eabi/lib/libsysbase.a(isatty.o)
                0x000000000200ce68                _isatty_r
 .text._lseek_r
                0x000000000200ce70       0x88 /opt/devkitpro/devkitARM/lib/gcc/arm-none-eabi/8.1.0/../../../../arm-none-eabi/lib/libsysbase.a(lseek.o)
                0x000000000200ce70                _lseek_r
 .text._read_r  0x000000000200cef8       0x84 /opt/devkitpro/devkitARM/lib/gcc/arm-none-eabi/8.1.0/../../../../arm-none-eabi/lib/libsysbase.a(read.o)
                0x000000000200cef8                _read_r
 .text._sbrk_r  0x000000000200cf7c       0x74 /opt/devkitpro/devkitARM/lib/gcc/arm-none-eabi/8.1.0/../../../../arm-none-eabi/lib/libsysbase.a(sbrk.o)
                0x000000000200cf7c                _sbrk_r
 .text._write_r
                0x000000000200cff0       0x84 /opt/devkitpro/devkitARM/lib/gcc/arm-none-eabi/8.1.0/../../../../arm-none-eabi/lib/libsysbase.a(write.o)
                0x000000000200cff0                _write_r
 .text.build_argv
                0x000000000200d074       0x80 /opt/devkitpro/devkitARM/lib/gcc/arm-none-eabi/8.1.0/../../../../arm-none-eabi/lib/libsysbase.a(build_argv.o)
                0x000000000200d074                build_argv
 .text.__flockfile
                0x000000000200d0f4       0x14 /opt/devkitpro/devkitARM/lib/gcc/arm-none-eabi/8.1.0/../../../../arm-none-eabi/lib/libsysbase.a(flock.o)
                0x000000000200d0f4                __flockfile
 .text.__funlockfile
                0x000000000200d108       0x14 /opt/devkitpro/devkitARM/lib/gcc/arm-none-eabi/8.1.0/../../../../arm-none-eabi/lib/libsysbase.a(flock.o)
                0x000000000200d108                __funlockfile
 .text.__libc_lock_acquire
                0x000000000200d11c       0x18 /opt/devkitpro/devkitARM/lib/gcc/arm-none-eabi/8.1.0/../../../../arm-none-eabi/lib/libsysbase.a(syscall_support.o)
                0x000000000200d11c                __libc_lock_acquire
 .text.__libc_lock_release
                0x000000000200d134       0x18 /opt/devkitpro/devkitARM/lib/gcc/arm-none-eabi/8.1.0/../../../../arm-none-eabi/lib/libsysbase.a(syscall_support.o)
                0x000000000200d134                __libc_lock_release
 .text.__libc_lock_init_recursive
                0x000000000200d14c       0x18 /opt/devkitpro/devkitARM/lib/gcc/arm-none-eabi/8.1.0/../../../../arm-none-eabi/lib/libsysbase.a(syscall_support.o)
                0x000000000200d14c                __libc_lock_init_recursive
 .text.__libc_lock_acquire_recursive
                0x000000000200d164       0x18 /opt/devkitpro/devkitARM/lib/gcc/arm-none-eabi/8.1.0/../../../../arm-none-eabi/lib/libsysbase.a(syscall_support.o)
                0x000000000200d164                __libc_lock_acquire_recursive
 .text.__libc_lock_release_recursive
                0x000000000200d17c       0x18 /opt/devkitpro/devkitARM/lib/gcc/arm-none-eabi/8.1.0/../../../../arm-none-eabi/lib/libsysbase.a(syscall_support.o)
                0x000000000200d17c                __libc_lock_release_recursive
 .text.__libc_lock_close_recursive
                0x000000000200d194       0x18 /opt/devkitpro/devkitARM/lib/gcc/arm-none-eabi/8.1.0/../../../../arm-none-eabi/lib/libsysbase.a(syscall_support.o)
                0x000000000200d194                __libc_lock_close_recursive
 .text.__release_handle
                0x000000000200d1ac       0x90 /opt/devkitpro/devkitARM/lib/gcc/arm-none-eabi/8.1.0/../../../../arm-none-eabi/lib/libsysbase.a(handle_manager.o)
                0x000000000200d1ac                __release_handle
 .text.__get_handle
                0x000000000200d23c       0x18 /opt/devkitpro/devkitARM/lib/gcc/arm-none-eabi/8.1.0/../../../../arm-none-eabi/lib/libsysbase.a(handle_manager.o)
                0x000000000200d23c                __get_handle
 .text.__getreent
                0x000000000200d254       0x24 /opt/devkitpro/devkitARM/lib/gcc/arm-none-eabi/8.1.0/../../../../arm-none-eabi/lib/libsysbase.a(getreent.o)
                0x000000000200d254                __getreent
 .text.__udivmoddi4
                0x000000000200d278      0x130 /opt/devkitpro/devkitARM/lib/gcc/arm-none-eabi/8.1.0/libgcc.a(_udivmoddi4.o)
                0x000000000200d278                __udivmoddi4
 .text.__udivmoddi4.__stub
                0x000000000200d3a8       0xc0 linker stubs
 *(EXCLUDE_FILE(*.twl*) .gnu.warning)
 *(EXCLUDE_FILE(*.twl*) .gnu.linkonce.t*)
 *(.glue_7)
 .glue_7        0x000000000200d480        0x0 linker stubs
 *(.glue_7t)
 .glue_7t       0x000000000200d480        0x0 linker stubs
                0x000000000200d480                . = ALIGN (0x4)

.vfp11_veneer   0x000000000200d480        0x0
 .vfp11_veneer  0x000000000200d480        0x0 linker stubs

.v4_bx          0x000000000200d480        0x0
 .v4_bx         0x000000000200d480        0x0 linker stubs

.iplt           0x000000000200d480        0x0
 .iplt          0x000000000200d480        0x0 /opt/devkitpro/devkitARM/lib/gcc/arm-none-eabi/8.1.0/../../../../arm-none-eabi/lib/ds_arm9_crt0.o

.fini           0x000000000200d480       0x18
 *(.fini)
 .fini          0x000000000200d480        0xc /opt/devkitpro/devkitARM/lib/gcc/arm-none-eabi/8.1.0/crti.o
                0x000000000200d480                _fini
 .fini          0x000000000200d48c        0xc /opt/devkitpro/devkitARM/lib/gcc/arm-none-eabi/8.1.0/crtn.o
                0x000000000200d498                __text_end = .

.rodata         0x000000000200d498     0x5f04
 *(EXCLUDE_FILE(*.twl*) .rodata)
 .rodata        0x000000000200d498     0x2004 /opt/devkitpro/libnds/lib/libnds9.a(default_font.bin.o)
                0x000000000200d498                default_font_bin
                0x000000000200f498                default_font_bin_end
                0x000000000200f498                default_font_bin_size
 *all.rodata*(*)
 *(EXCLUDE_FILE(*.twl*) .roda)
 *(EXCLUDE_FILE(*.twl*) .rodata.*)
 .rodata.str1.4
                0x000000000200f49c      0x343 Sytem.o
 *fill*         0x000000000200f7df        0x1 ff
 .rodata.__sassert.str1.4
                0x000000000200f7e0       0x42 /opt/devkitpro/libnds/lib/libnds9.a(sassert.o)
 *fill*         0x000000000200f822        0x2 ff
 .rodata.con_write
                0x000000000200f824       0xd4 /opt/devkitpro/libnds/lib/libnds9.a(console.o)
 .rodata.con_write.str1.4
                0x000000000200f8f8       0x30 /opt/devkitpro/libnds/lib/libnds9.a(console.o)
 .rodata.dotab_stdout
                0x000000000200f928       0x70 /opt/devkitpro/libnds/lib/libnds9.a(console.o)
 .rodata.str1.4
                0x000000000200f998       0x14 /opt/devkitpro/libnds/lib/libnds9.a(console.o)
 .rodata.SIN_LUT
                0x000000000200f9ac      0x102 /opt/devkitpro/libnds/lib/libnds9.a(trig.o)
                0x000000000200f9ac                SIN_LUT
 *fill*         0x000000000200faae        0x2 ff
 .rodata.basefix.6948
                0x000000000200fab0       0x22 /opt/devkitpro/devkitARM/lib/gcc/arm-none-eabi/8.1.0/../../../../arm-none-eabi/lib/libg.a(lib_a-svfiscanf.o)
 .rodata._vfiprintf_r.str1.1
                0x000000000200fad2       0x29 /opt/devkitpro/devkitARM/lib/gcc/arm-none-eabi/8.1.0/../../../../arm-none-eabi/lib/libg.a(lib_a-vfiprintf.o)
 *fill*         0x000000000200fafb        0x1 ff
 .rodata.blanks.7381
                0x000000000200fafc       0x10 /opt/devkitpro/devkitARM/lib/gcc/arm-none-eabi/8.1.0/../../../../arm-none-eabi/lib/libg.a(lib_a-vfiprintf.o)
 .rodata.zeroes.7382
                0x000000000200fb0c       0x10 /opt/devkitpro/devkitARM/lib/gcc/arm-none-eabi/8.1.0/../../../../arm-none-eabi/lib/libg.a(lib_a-vfiprintf.o)
 .rodata._jp2uc.str1.4
                0x000000000200fb1c       0x12 /opt/devkitpro/devkitARM/lib/gcc/arm-none-eabi/8.1.0/../../../../arm-none-eabi/lib/libg.a(lib_a-jp2uc.o)
 *fill*         0x000000000200fb2e        0x2 ff
 .rodata.a1     0x000000000200fb30       0xbc /opt/devkitpro/devkitARM/lib/gcc/arm-none-eabi/8.1.0/../../../../arm-none-eabi/lib/libg.a(lib_a-jp2uc.o)
 .rodata.a2     0x000000000200fbec       0xbc /opt/devkitpro/devkitARM/lib/gcc/arm-none-eabi/8.1.0/../../../../arm-none-eabi/lib/libg.a(lib_a-jp2uc.o)
 .rodata.a3     0x000000000200fca8       0x5b /opt/devkitpro/devkitARM/lib/gcc/arm-none-eabi/8.1.0/../../../../arm-none-eabi/lib/libg.a(lib_a-jp2uc.o)
 *fill*         0x000000000200fd03        0x1 ff
 .rodata.a6     0x000000000200fd04       0x70 /opt/devkitpro/devkitARM/lib/gcc/arm-none-eabi/8.1.0/../../../../arm-none-eabi/lib/libg.a(lib_a-jp2uc.o)
 .rodata.a7     0x000000000200fd74       0xa2 /opt/devkitpro/devkitARM/lib/gcc/arm-none-eabi/8.1.0/../../../../arm-none-eabi/lib/libg.a(lib_a-jp2uc.o)
 *fill*         0x000000000200fe16        0x2 ff
 .rodata.a8     0x000000000200fe18       0x40 /opt/devkitpro/devkitARM/lib/gcc/arm-none-eabi/8.1.0/../../../../arm-none-eabi/lib/libg.a(lib_a-jp2uc.o)
 .rodata.b02cf  0x000000000200fe58     0x172a /opt/devkitpro/devkitARM/lib/gcc/arm-none-eabi/8.1.0/../../../../arm-none-eabi/lib/libg.a(lib_a-jp2uc.o)
 *fill*         0x0000000002011582        0x2 ff
 .rodata.d02f4  0x0000000002011584     0x1a7c /opt/devkitpro/devkitARM/lib/gcc/arm-none-eabi/8.1.0/../../../../arm-none-eabi/lib/libg.a(lib_a-jp2uc.o)
 .rodata.str1.4
                0x0000000002013000       0x48 /opt/devkitpro/devkitARM/lib/gcc/arm-none-eabi/8.1.0/../../../../arm-none-eabi/lib/libg.a(lib_a-locale.o)
                                         0x4c (size before relaxing)
 .rodata._mbrtowc_r.str1.4
                0x0000000002013048        0x1 /opt/devkitpro/devkitARM/lib/gcc/arm-none-eabi/8.1.0/../../../../arm-none-eabi/lib/libg.a(lib_a-mbrtowc.o)
 .rodata.__action_table
                0x0000000002013048       0x6c /opt/devkitpro/devkitARM/lib/gcc/arm-none-eabi/8.1.0/../../../../arm-none-eabi/lib/libg.a(lib_a-svfiprintf.o)
                0x0000000002013048                __action_table
 .rodata.__chclass
                0x00000000020130b4      0x100 /opt/devkitpro/devkitARM/lib/gcc/arm-none-eabi/8.1.0/../../../../arm-none-eabi/lib/libg.a(lib_a-svfiprintf.o)
                0x00000000020130b4                __chclass
 .rodata.__state_table
                0x00000000020131b4       0x6c /opt/devkitpro/devkitARM/lib/gcc/arm-none-eabi/8.1.0/../../../../arm-none-eabi/lib/libg.a(lib_a-svfiprintf.o)
                0x00000000020131b4                __state_table
 .rodata._ctype_
                0x0000000002013220      0x101 /opt/devkitpro/devkitARM/lib/gcc/arm-none-eabi/8.1.0/../../../../arm-none-eabi/lib/libg.a(lib_a-ctype_.o)
                0x0000000002013220                _ctype_
 *fill*         0x0000000002013321        0x3 ff
 .rodata.AddDevice.str1.4
                0x0000000002013324        0x8 /opt/devkitpro/devkitARM/lib/gcc/arm-none-eabi/8.1.0/../../../../arm-none-eabi/lib/libsysbase.a(iosupport.o)
 .rodata.dotab_stdnull
                0x000000000201332c       0x70 /opt/devkitpro/devkitARM/lib/gcc/arm-none-eabi/8.1.0/../../../../arm-none-eabi/lib/libsysbase.a(iosupport.o)
                0x000000000201332c                dotab_stdnull
 *(EXCLUDE_FILE(*.twl*) .gnu.linkonce.r*)
                0x000000000201339c                . = ALIGN (0x4)

.ARM.extab
 *(.ARM.extab* .gnu.linkonce.armextab.*)
                0x000000000201339c                __exidx_start = .

ARM.exidx
 *(.ARM.exidx* .gnu.linkonce.armexidx.*)
                0x000000000201339c                __exidx_end = .
                0x000000000201339c                . = ALIGN (0x4)
                0x000000000201339c                PROVIDE (__preinit_array_start = .)

.preinit_array
 *(.preinit_array)
                0x000000000201339c                PROVIDE (__preinit_array_end = .)
                0x000000000201339c                PROVIDE (__init_array_start = .)

.init_array     0x000000000201339c        0x4
 *(SORT_BY_NAME(.init_array.*))
 *(.init_array)
 .init_array    0x000000000201339c        0x4 /opt/devkitpro/devkitARM/lib/gcc/arm-none-eabi/8.1.0/crtbegin.o
                0x00000000020133a0                PROVIDE (__init_array_end = .)
                [!provide]                        PROVIDE (__fini_array_start = .)

.fini_array     0x00000000020133a0        0x4
 *(.fini_array)
 .fini_array    0x00000000020133a0        0x4 /opt/devkitpro/devkitARM/lib/gcc/arm-none-eabi/8.1.0/crtbegin.o
 *(SORT_BY_NAME(.fini_array.*))
                [!provide]                        PROVIDE (__fini_array_end = .)

.ctors          0x00000000020133a4        0x0
 *crtbegin.o(.ctors)
 *(EXCLUDE_FILE(*crtend.o) .ctors)
 *(SORT_BY_NAME(.ctors.*))
 *(.ctors)
                0x00000000020133a4                . = ALIGN (0x4)

.dtors          0x00000000020133a4        0x0
 *crtbegin.o(.dtors)
 *(EXCLUDE_FILE(*crtend.o) .dtors)
 *(SORT_BY_NAME(.dtors.*))
 *(.dtors)
                0x00000000020133a4                . = ALIGN (0x4)

.eh_frame       0x00000000020133a4        0x4
 *(.eh_frame)
 .eh_frame      0x00000000020133a4        0x0 /opt/devkitpro/devkitARM/lib/gcc/arm-none-eabi/8.1.0/crtbegin.o
 .eh_frame      0x00000000020133a4        0x4 /opt/devkitpro/devkitARM/lib/gcc/arm-none-eabi/8.1.0/crtend.o
                0x00000000020133a8                . = ALIGN (0x4)

.rel.dyn        0x00000000020133a8        0x0
 .rel.iplt      0x00000000020133a8        0x0 /opt/devkitpro/devkitARM/lib/gcc/arm-none-eabi/8.1.0/../../../../arm-none-eabi/lib/ds_arm9_crt0.o

.gcc_except_table
                0x00000000020133a8        0x0
 *(.gcc_except_table)
                0x00000000020133a8                . = ALIGN (0x4)

.jcr
 *(.jcr)

.got
 *(.got.plt)
 *(.got)
 *(.rel.got)

.ewram          0x00000000020133a8        0x0
                0x00000000020133a8                __ewram_start = ABSOLUTE (.)
 *(.ewram)
 *ewram.*(.text)
                0x00000000020133a8                . = ALIGN (0x4)

.data           0x00000000020133a8     0x1b9c
                0x00000000020133a8                __data_start = ABSOLUTE (.)
 *(EXCLUDE_FILE(*.twl*) .data)
 .data          0x00000000020133a8       0x28 /opt/devkitpro/libnds/lib/libnds9.a(mpu_setup.o)
 *(EXCLUDE_FILE(*.twl*) .data.*)
 .data.bgControl
                0x00000000020133d0       0x20 /opt/devkitpro/libnds/lib/libnds9.a(background.o)
                0x00000000020133d0                bgControl
 .data.bgScrollTable
                0x00000000020133f0       0x20 /opt/devkitpro/libnds/lib/libnds9.a(background.o)
                0x00000000020133f0                bgScrollTable
 .data.bgTransform
                0x0000000002013410       0x20 /opt/devkitpro/libnds/lib/libnds9.a(background.o)
                0x0000000002013410                bgTransform
 .data.currentConsole
                0x0000000002013430        0x4 /opt/devkitpro/libnds/lib/libnds9.a(console.o)
                0x0000000002013430                currentConsole
 .data.defaultConsole
                0x0000000002013434       0x5c /opt/devkitpro/libnds/lib/libnds9.a(console.o)
                0x0000000002013434                defaultConsole
 .data.firstConsoleInit.6769
                0x0000000002013490        0x1 /opt/devkitpro/libnds/lib/libnds9.a(console.o)
 *fill*         0x0000000002013491        0x3 ff
 .data.oamMain  0x0000000002013494       0x18 /opt/devkitpro/libnds/lib/libnds9.a(sprite.o)
                0x0000000002013494                oamMain
 .data.oamSub   0x00000000020134ac       0x18 /opt/devkitpro/libnds/lib/libnds9.a(sprite.o)
                0x00000000020134ac                oamSub
 .data.count    0x00000000020134c4        0x1 /opt/devkitpro/libnds/lib/libnds9.a(keys.o)
 .data.delay    0x00000000020134c5        0x1 /opt/devkitpro/libnds/lib/libnds9.a(keys.o)
 .data.repeat   0x00000000020134c6        0x1 /opt/devkitpro/libnds/lib/libnds9.a(keys.o)
 *fill*         0x00000000020134c7        0x1 ff
 .data.fifo_buffer_free
                0x00000000020134c8        0x4 /opt/devkitpro/libnds/lib/libnds9.a(fifosystem.o)
                0x00000000020134c8                fifo_buffer_free
 .data.fifo_freewords
                0x00000000020134cc        0x4 /opt/devkitpro/libnds/lib/libnds9.a(fifosystem.o)
                0x00000000020134cc                fifo_freewords
 .data.fifo_receive_queue
                0x00000000020134d0        0x4 /opt/devkitpro/libnds/lib/libnds9.a(fifosystem.o)
                0x00000000020134d0                fifo_receive_queue
 .data.fifo_send_queue
                0x00000000020134d4        0x4 /opt/devkitpro/libnds/lib/libnds9.a(fifosystem.o)
                0x00000000020134d4                fifo_send_queue
 .data.__malloc_av_
                0x00000000020134d8      0x408 /opt/devkitpro/devkitARM/lib/gcc/arm-none-eabi/8.1.0/../../../../arm-none-eabi/lib/libg.a(lib_a-mallocr.o)
                0x00000000020134d8                __malloc_av_
 .data.__malloc_sbrk_base
                0x00000000020138e0        0x4 /opt/devkitpro/devkitARM/lib/gcc/arm-none-eabi/8.1.0/../../../../arm-none-eabi/lib/libg.a(lib_a-mallocr.o)
                0x00000000020138e0                __malloc_sbrk_base
 .data.__malloc_trim_threshold
                0x00000000020138e4        0x4 /opt/devkitpro/devkitARM/lib/gcc/arm-none-eabi/8.1.0/../../../../arm-none-eabi/lib/libg.a(lib_a-mallocr.o)
                0x00000000020138e4                __malloc_trim_threshold
 .data.__malloc_recursive_mutex
                0x00000000020138e8        0xc /opt/devkitpro/devkitARM/lib/gcc/arm-none-eabi/8.1.0/../../../../arm-none-eabi/lib/libg.a(lib_a-mlock.o)
 .data.__sfp_recursive_mutex
                0x00000000020138f4        0xc /opt/devkitpro/devkitARM/lib/gcc/arm-none-eabi/8.1.0/../../../../arm-none-eabi/lib/libg.a(lib_a-findfp.o)
 .data.__sinit_recursive_mutex
                0x0000000002013900        0xc /opt/devkitpro/devkitARM/lib/gcc/arm-none-eabi/8.1.0/../../../../arm-none-eabi/lib/libg.a(lib_a-findfp.o)
 .data._impure_ptr
                0x000000000201390c        0x4 /opt/devkitpro/devkitARM/lib/gcc/arm-none-eabi/8.1.0/../../../../arm-none-eabi/lib/libg.a(lib_a-impure.o)
                0x000000000201390c                _impure_ptr
 .data.impure_data
                0x0000000002013910      0x460 /opt/devkitpro/devkitARM/lib/gcc/arm-none-eabi/8.1.0/../../../../arm-none-eabi/lib/libg.a(lib_a-impure.o)
 .data.__global_locale
                0x0000000002013d70      0x16c /opt/devkitpro/devkitARM/lib/gcc/arm-none-eabi/8.1.0/../../../../arm-none-eabi/lib/libg.a(lib_a-locale.o)
                0x0000000002013d70                __global_locale
 .data.devoptab_list
                0x0000000002013edc       0x40 /opt/devkitpro/devkitARM/lib/gcc/arm-none-eabi/8.1.0/../../../../arm-none-eabi/lib/libsysbase.a(iosupport.o)
                0x0000000002013edc                devoptab_list
 .data.__hndl_lock
                0x0000000002013f1c        0x4 /opt/devkitpro/devkitARM/lib/gcc/arm-none-eabi/8.1.0/../../../../arm-none-eabi/lib/libsysbase.a(handle_manager.o)
 .data.__stderr_handle
                0x0000000002013f20        0xc /opt/devkitpro/devkitARM/lib/gcc/arm-none-eabi/8.1.0/../../../../arm-none-eabi/lib/libsysbase.a(handle_manager.o)
 .data.__stdin_handle
                0x0000000002013f2c        0xc /opt/devkitpro/devkitARM/lib/gcc/arm-none-eabi/8.1.0/../../../../arm-none-eabi/lib/libsysbase.a(handle_manager.o)
 .data.__stdout_handle
                0x0000000002013f38        0xc /opt/devkitpro/devkitARM/lib/gcc/arm-none-eabi/8.1.0/../../../../arm-none-eabi/lib/libsysbase.a(handle_manager.o)
 .data.handles  0x0000000002013f44     0x1000 /opt/devkitpro/devkitARM/lib/gcc/arm-none-eabi/8.1.0/../../../../arm-none-eabi/lib/libsysbase.a(handle_manager.o)
 *(EXCLUDE_FILE(*.twl*) .gnu.linkonce.d*)
                0x0000000002014f44                . = ALIGN (0x4)
                0x0000000002014f44                __data_end = ABSOLUTE (.)
                0x0000000002014f44                __bss_vma = .

.igot.plt       0x0000000002014f44        0x0
 .igot.plt      0x0000000002014f44        0x0 /opt/devkitpro/devkitARM/lib/gcc/arm-none-eabi/8.1.0/../../../../arm-none-eabi/lib/ds_arm9_crt0.o

.tm_clone_table
                0x0000000002014f44        0x0
 .tm_clone_table
                0x0000000002014f44        0x0 /opt/devkitpro/devkitARM/lib/gcc/arm-none-eabi/8.1.0/crtbegin.o
 .tm_clone_table
                0x0000000002014f44        0x0 /opt/devkitpro/devkitARM/lib/gcc/arm-none-eabi/8.1.0/crtend.o

.dtcm           0x000000000b000000        0x0 load address 0x0000000002014f44
                0x0000000002014f44                __dtcm_lma = LOADADDR (.dtcm)
                0x000000000b000000                __dtcm_start = ABSOLUTE (.)
 *(.dtcm)
 *(.dtcm.*)
                0x000000000b000000                . = ALIGN (0x4)
                0x000000000b000000                __dtcm_end = ABSOLUTE (.)

.itcm           0x0000000001000100      0x194 load address 0x0000000002014f44
                0x0000000002014f44                __itcm_lma = LOADADDR (.itcm)
                0x0000000001000100                __itcm_start = ABSOLUTE (.)
 *(.itcm)
 .itcm          0x0000000001000100       0xc8 /opt/devkitpro/libnds/lib/libnds9.a(interrupts.o)
                0x0000000001000100                irqTable
 .itcm          0x00000000010001c8       0xcc /opt/devkitpro/libnds/lib/libnds9.a(interruptDispatcher.o)
                0x00000000010001c8                IntrMain
 *.itcm*(.text .stub .text.*)
                0x0000000001000294                . = ALIGN (0x4)
                0x0000000001000294                __itcm_end = ABSOLUTE (.)

.vectors        0x0000000001000000        0x0 load address 0x00000000020150d8
                0x00000000020150d8                __vectors_lma = LOADADDR (.vectors)
                0x0000000001000000                __vectors_start = ABSOLUTE (.)
 *(.vectors .vectors.*)
                0x0000000001000000                . = ALIGN (0x4)
                0x0000000001000000                __vectors_end = ABSOLUTE (.)

.sbss           0x000000000b000000        0x0
                0x000000000b000000                __sbss_start = ABSOLUTE (.)
                0x000000000b000000                __sbss_start__ = ABSOLUTE (.)
 *(.sbss)
                0x000000000b000000                . = ALIGN (0x4)
                0x000000000b000000                __sbss_end = ABSOLUTE (.)

.bss            0x0000000002014f44     0x14a0
                0x0000000002014f44                __bss_start = ABSOLUTE (.)
                0x0000000002014f44                __bss_start__ = ABSOLUTE (.)
 *(EXCLUDE_FILE(*.twl*) .dynbss)
 *(EXCLUDE_FILE(*.twl*) .gnu.linkonce.b*)
 *(EXCLUDE_FILE(*.twl*) .bss*)
 .bss.completed.9040
                0x0000000002014f44        0x1 /opt/devkitpro/devkitARM/lib/gcc/arm-none-eabi/8.1.0/crtbegin.o
 *fill*         0x0000000002014f45        0x3 
 .bss.object.9045
                0x0000000002014f48       0x18 /opt/devkitpro/devkitARM/lib/gcc/arm-none-eabi/8.1.0/crtbegin.o
 .bss.keys      0x0000000002014f60        0x2 /opt/devkitpro/libnds/lib/libnds9.a(keys.o)
 .bss.keysold   0x0000000002014f62        0x2 /opt/devkitpro/libnds/lib/libnds9.a(keys.o)
 .bss.keysrepeat
                0x0000000002014f64        0x2 /opt/devkitpro/libnds/lib/libnds9.a(keys.o)
 *fill*         0x0000000002014f66        0x2 
 .bss.processing
                0x0000000002014f68        0x4 /opt/devkitpro/libnds/lib/libnds9.a(fifosystem.o)
                0x0000000002014f68                processing
 .bss.SDcallback
                0x0000000002014f6c        0x4 /opt/devkitpro/libnds/lib/libnds9.a(system.o)
 .bss.__malloc_current_mallinfo
                0x0000000002014f70       0x28 /opt/devkitpro/devkitARM/lib/gcc/arm-none-eabi/8.1.0/../../../../arm-none-eabi/lib/libg.a(lib_a-mallocr.o)
                0x0000000002014f70                __malloc_current_mallinfo
 .bss.__malloc_max_sbrked_mem
                0x0000000002014f98        0x4 /opt/devkitpro/devkitARM/lib/gcc/arm-none-eabi/8.1.0/../../../../arm-none-eabi/lib/libg.a(lib_a-mallocr.o)
                0x0000000002014f98                __malloc_max_sbrked_mem
 .bss.__malloc_max_total_mem
                0x0000000002014f9c        0x4 /opt/devkitpro/devkitARM/lib/gcc/arm-none-eabi/8.1.0/../../../../arm-none-eabi/lib/libg.a(lib_a-mallocr.o)
                0x0000000002014f9c                __malloc_max_total_mem
 .bss.__malloc_top_pad
                0x0000000002014fa0        0x4 /opt/devkitpro/devkitARM/lib/gcc/arm-none-eabi/8.1.0/../../../../arm-none-eabi/lib/libg.a(lib_a-mallocr.o)
                0x0000000002014fa0                __malloc_top_pad
 .bss.heap_start.6085
                0x0000000002014fa4        0x4 /opt/devkitpro/devkitARM/lib/gcc/arm-none-eabi/8.1.0/../../../../arm-none-eabi/lib/libsysbase.a(sbrk.o)
 .bss.fake_heap_end
                0x0000000002014fa8        0x4 /opt/devkitpro/devkitARM/lib/gcc/arm-none-eabi/8.1.0/../../../../arm-none-eabi/lib/libsysbase.a(malloc_vars.o)
                0x0000000002014fa8                fake_heap_end
 .bss.fake_heap_start
                0x0000000002014fac        0x4 /opt/devkitpro/devkitARM/lib/gcc/arm-none-eabi/8.1.0/../../../../arm-none-eabi/lib/libsysbase.a(malloc_vars.o)
                0x0000000002014fac                fake_heap_start
 .bss.__syscalls
                0x0000000002014fb0       0x48 /opt/devkitpro/devkitARM/lib/gcc/arm-none-eabi/8.1.0/../../../../arm-none-eabi/lib/libsysbase.a(syscall_support.o)
                0x0000000002014fb0                __syscalls
 *(EXCLUDE_FILE(*.twl*) COMMON)
 COMMON         0x0000000002014ff8      0x148 /opt/devkitpro/libnds/lib/libnds9.a(background.o)
                0x0000000002014ff8                bgState
                0x0000000002015138                bgIsTextLut
 COMMON         0x0000000002015140       0x5c /opt/devkitpro/libnds/lib/libnds9.a(console.o)
                0x0000000002015140                currentCopy
 COMMON         0x000000000201519c      0x800 /opt/devkitpro/libnds/lib/libnds9.a(sprite.o)
                0x000000000201519c                OamMemorySub
                0x000000000201559c                OamMemory
 COMMON         0x000000000201599c        0x1 /opt/devkitpro/libnds/lib/libnds9.a(initSystem.o)
                0x000000000201599c                __dsimode
 *fill*         0x000000000201599d        0x3 
 COMMON         0x00000000020159a0        0x4 /opt/devkitpro/libnds/lib/libnds9.a(timeSupport.o)
                0x00000000020159a0                punixTime
 COMMON         0x00000000020159a4      0xa40 /opt/devkitpro/libnds/lib/libnds9.a(fifosystem.o)
                0x00000000020159a4                fifo_datamsg_data
                0x00000000020159e4                fifo_buffer
                0x00000000020161e4                fifo_value32_func
                0x0000000002016224                fifo_address_func
                0x0000000002016264                fifo_value32_data
                0x00000000020162a4                fifo_value32_queue
                0x00000000020162e4                fifo_data_queue
                0x0000000002016324                fifo_address_data
                0x0000000002016364                fifo_datamsg_func
                0x00000000020163a4                fifo_address_queue
                0x00000000020163e4                . = ALIGN (0x4)
                0x00000000020163e4                __bss_end__ = ABSOLUTE (.)
                0x00000000020163e4                __end__ = ABSOLUTE (.)

.twl            0x00000000020163e4        0x0 load address 0x0000000002400000
                0x0000000002400000                __arm9i_lma__ = LOADADDR (.twl)
                0x00000000020163e4                __arm9i_start__ = ABSOLUTE (.)
 *(.twl)
 *.twl*(.text .stub .text.* .gnu.linkonce.t.*)
 *.twl*(.rodata)
 *.twl*(.roda)
 *.twl*(.rodata.*)
 *.twl*(.data)
 *.twl*(.data.*)
 *.twl*(.gnu.linkonce.d*)
                0x00000000020163e4                __arm9i_end__ = ABSOLUTE (.)

.twl_bss        0x00000000020163e4        0x0
                0x00000000020163e4                __twl_bss_start__ = ABSOLUTE (.)
 *(.twl_bss)
 *.twl*(.dynbss)
 *.twl*(.gnu.linkonce.b*)
 *.twl*(.bss*)
 *.twl*(COMMON)
                0x00000000020163e4                . = ALIGN (0x4)
                0x00000000020163e4                __twl_bss_end__ = ABSOLUTE (.)
                0x00000000020163e4                __twl_end__ = ABSOLUTE (.)

.stab
 *(.stab)

.stabstr
 *(.stabstr)

.stab.excl
 *(.stab.excl)

.stab.exclstr
 *(.stab.exclstr)

.stab.index
 *(.stab.index)

.stab.indexstr
 *(.stab.indexstr)

.comment        0x0000000000000000       0x22
 *(.comment)
 .comment       0x0000000000000000       0x22 /opt/devkitpro/devkitARM/lib/gcc/arm-none-eabi/8.1.0/crtbegin.o
                                         0x23 (size before relaxing)
 .comment       0x0000000000000022       0x23 Sytem.o
 .comment       0x0000000000000022       0x23 main.o
 .comment       0x0000000000000022       0x23 /opt/devkitpro/libnds/lib/libnds9.a(background.o)
 .comment       0x0000000000000022       0x23 /opt/devkitpro/libnds/lib/libnds9.a(sassert.o)
 .comment       0x0000000000000022       0x23 /opt/devkitpro/libnds/lib/libnds9.a(sprite_alloc.o)
 .comment       0x0000000000000022       0x23 /opt/devkitpro/libnds/lib/libnds9.a(console.o)
 .comment       0x0000000000000022       0x23 /opt/devkitpro/libnds/lib/libnds9.a(trig.o)
 .comment       0x0000000000000022       0x23 /opt/devkitpro/libnds/lib/libnds9.a(sprite.o)
 .comment       0x0000000000000022       0x23 /opt/devkitpro/libnds/lib/libnds9.a(keys.o)
 .comment       0x0000000000000022       0x23 /opt/devkitpro/libnds/lib/libnds9.a(initSystem.o)
 .comment       0x0000000000000022       0x23 /opt/devkitpro/libnds/lib/libnds9.a(timeSupport.o)
 .comment       0x0000000000000022       0x23 /opt/devkitpro/libnds/lib/libnds9.a(securearea.o)
 .comment       0x0000000000000022       0x23 /opt/devkitpro/libnds/lib/libnds9.a(interrupts.o)
 .comment       0x0000000000000022       0x23 /opt/devkitpro/libnds/lib/libnds9.a(libnds_exit.arm.o)
 .comment       0x0000000000000022       0x23 /opt/devkitpro/libnds/lib/libnds9.a(fifosystem.o)
 .comment       0x0000000000000022       0x23 /opt/devkitpro/libnds/lib/libnds9.a(video.o)
 .comment       0x0000000000000022       0x23 /opt/devkitpro/libnds/lib/libnds9.a(system.o)
 .comment       0x0000000000000022       0x23 /opt/devkitpro/devkitARM/lib/gcc/arm-none-eabi/8.1.0/../../../../arm-none-eabi/lib/libg.a(lib_a-init.o)
 .comment       0x0000000000000022       0x23 /opt/devkitpro/devkitARM/lib/gcc/arm-none-eabi/8.1.0/../../../../arm-none-eabi/lib/libg.a(lib_a-iprintf.o)
 .comment       0x0000000000000022       0x23 /opt/devkitpro/devkitARM/lib/gcc/arm-none-eabi/8.1.0/../../../../arm-none-eabi/lib/libg.a(lib_a-malloc.o)
 .comment       0x0000000000000022       0x23 /opt/devkitpro/devkitARM/lib/gcc/arm-none-eabi/8.1.0/../../../../arm-none-eabi/lib/libg.a(lib_a-mallocr.o)
 .comment       0x0000000000000022       0x23 /opt/devkitpro/devkitARM/lib/gcc/arm-none-eabi/8.1.0/../../../../arm-none-eabi/lib/libg.a(lib_a-memcpy-stub.o)
 .comment       0x0000000000000022       0x23 /opt/devkitpro/devkitARM/lib/gcc/arm-none-eabi/8.1.0/../../../../arm-none-eabi/lib/libg.a(lib_a-memset.o)
 .comment       0x0000000000000022       0x23 /opt/devkitpro/devkitARM/lib/gcc/arm-none-eabi/8.1.0/../../../../arm-none-eabi/lib/libg.a(lib_a-mlock.o)
 .comment       0x0000000000000022       0x23 /opt/devkitpro/devkitARM/lib/gcc/arm-none-eabi/8.1.0/../../../../arm-none-eabi/lib/libg.a(lib_a-realloc.o)
 .comment       0x0000000000000022       0x23 /opt/devkitpro/devkitARM/lib/gcc/arm-none-eabi/8.1.0/../../../../arm-none-eabi/lib/libg.a(lib_a-reallocr.o)
 .comment       0x0000000000000022       0x23 /opt/devkitpro/devkitARM/lib/gcc/arm-none-eabi/8.1.0/../../../../arm-none-eabi/lib/libg.a(lib_a-setvbuf.o)
 .comment       0x0000000000000022       0x23 /opt/devkitpro/devkitARM/lib/gcc/arm-none-eabi/8.1.0/../../../../arm-none-eabi/lib/libg.a(lib_a-siscanf.o)
 .comment       0x0000000000000022       0x23 /opt/devkitpro/devkitARM/lib/gcc/arm-none-eabi/8.1.0/../../../../arm-none-eabi/lib/libg.a(lib_a-stdio.o)
 .comment       0x0000000000000022       0x23 /opt/devkitpro/devkitARM/lib/gcc/arm-none-eabi/8.1.0/../../../../arm-none-eabi/lib/libg.a(lib_a-strlen-stub.o)
 .comment       0x0000000000000022       0x23 /opt/devkitpro/devkitARM/lib/gcc/arm-none-eabi/8.1.0/../../../../arm-none-eabi/lib/libg.a(lib_a-svfiscanf.o)
 .comment       0x0000000000000022       0x23 /opt/devkitpro/devkitARM/lib/gcc/arm-none-eabi/8.1.0/../../../../arm-none-eabi/lib/libg.a(lib_a-ungetc.o)
 .comment       0x0000000000000022       0x23 /opt/devkitpro/devkitARM/lib/gcc/arm-none-eabi/8.1.0/../../../../arm-none-eabi/lib/libg.a(lib_a-vfiprintf.o)
 .comment       0x0000000000000022       0x23 /opt/devkitpro/devkitARM/lib/gcc/arm-none-eabi/8.1.0/../../../../arm-none-eabi/lib/libg.a(lib_a-viprintf.o)
 .comment       0x0000000000000022       0x23 /opt/devkitpro/devkitARM/lib/gcc/arm-none-eabi/8.1.0/../../../../arm-none-eabi/lib/libg.a(lib_a-wcrtomb.o)
 .comment       0x0000000000000022       0x23 /opt/devkitpro/devkitARM/lib/gcc/arm-none-eabi/8.1.0/../../../../arm-none-eabi/lib/libg.a(lib_a-wcsrtombs.o)
 .comment       0x0000000000000022       0x23 /opt/devkitpro/devkitARM/lib/gcc/arm-none-eabi/8.1.0/../../../../arm-none-eabi/lib/libg.a(lib_a-wsetup.o)
 .comment       0x0000000000000022       0x23 /opt/devkitpro/devkitARM/lib/gcc/arm-none-eabi/8.1.0/../../../../arm-none-eabi/lib/libg.a(lib_a-fflush.o)
 .comment       0x0000000000000022       0x23 /opt/devkitpro/devkitARM/lib/gcc/arm-none-eabi/8.1.0/../../../../arm-none-eabi/lib/libg.a(lib_a-findfp.o)
 .comment       0x0000000000000022       0x23 /opt/devkitpro/devkitARM/lib/gcc/arm-none-eabi/8.1.0/../../../../arm-none-eabi/lib/libg.a(lib_a-freer.o)
 .comment       0x0000000000000022       0x23 /opt/devkitpro/devkitARM/lib/gcc/arm-none-eabi/8.1.0/../../../../arm-none-eabi/lib/libg.a(lib_a-fvwrite.o)
 .comment       0x0000000000000022       0x23 /opt/devkitpro/devkitARM/lib/gcc/arm-none-eabi/8.1.0/../../../../arm-none-eabi/lib/libg.a(lib_a-fwalk.o)
 .comment       0x0000000000000022       0x23 /opt/devkitpro/devkitARM/lib/gcc/arm-none-eabi/8.1.0/../../../../arm-none-eabi/lib/libg.a(lib_a-impure.o)
 .comment       0x0000000000000022       0x23 /opt/devkitpro/devkitARM/lib/gcc/arm-none-eabi/8.1.0/../../../../arm-none-eabi/lib/libg.a(lib_a-iswspace.o)
 .comment       0x0000000000000022       0x23 /opt/devkitpro/devkitARM/lib/gcc/arm-none-eabi/8.1.0/../../../../arm-none-eabi/lib/libg.a(lib_a-jp2uc.o)
 .comment       0x0000000000000022       0x23 /opt/devkitpro/devkitARM/lib/gcc/arm-none-eabi/8.1.0/../../../../arm-none-eabi/lib/libg.a(lib_a-localeconv.o)
 .comment       0x0000000000000022       0x23 /opt/devkitpro/devkitARM/lib/gcc/arm-none-eabi/8.1.0/../../../../arm-none-eabi/lib/libg.a(lib_a-locale.o)
 .comment       0x0000000000000022       0x23 /opt/devkitpro/devkitARM/lib/gcc/arm-none-eabi/8.1.0/../../../../arm-none-eabi/lib/libg.a(lib_a-makebuf.o)
 .comment       0x0000000000000022       0x23 /opt/devkitpro/devkitARM/lib/gcc/arm-none-eabi/8.1.0/../../../../arm-none-eabi/lib/libg.a(lib_a-mbrtowc.o)
 .comment       0x0000000000000022       0x23 /opt/devkitpro/devkitARM/lib/gcc/arm-none-eabi/8.1.0/../../../../arm-none-eabi/lib/libg.a(lib_a-mbtowc_r.o)
 .comment       0x0000000000000022       0x23 /opt/devkitpro/devkitARM/lib/gcc/arm-none-eabi/8.1.0/../../../../arm-none-eabi/lib/libg.a(lib_a-memchr-stub.o)
 .comment       0x0000000000000022       0x23 /opt/devkitpro/devkitARM/lib/gcc/arm-none-eabi/8.1.0/../../../../arm-none-eabi/lib/libg.a(lib_a-memmove.o)
 .comment       0x0000000000000022       0x23 /opt/devkitpro/devkitARM/lib/gcc/arm-none-eabi/8.1.0/../../../../arm-none-eabi/lib/libg.a(lib_a-sccl.o)
 .comment       0x0000000000000022       0x23 /opt/devkitpro/devkitARM/lib/gcc/arm-none-eabi/8.1.0/../../../../arm-none-eabi/lib/libg.a(lib_a-strncpy.o)
 .comment       0x0000000000000022       0x23 /opt/devkitpro/devkitARM/lib/gcc/arm-none-eabi/8.1.0/../../../../arm-none-eabi/lib/libg.a(lib_a-strtoll.o)
 .comment       0x0000000000000022       0x23 /opt/devkitpro/devkitARM/lib/gcc/arm-none-eabi/8.1.0/../../../../arm-none-eabi/lib/libg.a(lib_a-strtol.o)
 .comment       0x0000000000000022       0x23 /opt/devkitpro/devkitARM/lib/gcc/arm-none-eabi/8.1.0/../../../../arm-none-eabi/lib/libg.a(lib_a-strtoull.o)
 .comment       0x0000000000000022       0x23 /opt/devkitpro/devkitARM/lib/gcc/arm-none-eabi/8.1.0/../../../../arm-none-eabi/lib/libg.a(lib_a-strtoul.o)
 .comment       0x0000000000000022       0x23 /opt/devkitpro/devkitARM/lib/gcc/arm-none-eabi/8.1.0/../../../../arm-none-eabi/lib/libg.a(lib_a-svfiprintf.o)
 .comment       0x0000000000000022       0x23 /opt/devkitpro/devkitARM/lib/gcc/arm-none-eabi/8.1.0/../../../../arm-none-eabi/lib/libg.a(lib_a-wcsnrtombs.o)
 .comment       0x0000000000000022       0x23 /opt/devkitpro/devkitARM/lib/gcc/arm-none-eabi/8.1.0/../../../../arm-none-eabi/lib/libg.a(lib_a-wctomb_r.o)
 .comment       0x0000000000000022       0x23 /opt/devkitpro/devkitARM/lib/gcc/arm-none-eabi/8.1.0/../../../../arm-none-eabi/lib/libg.a(lib_a-ctype_.o)
 .comment       0x0000000000000022       0x23 /opt/devkitpro/devkitARM/lib/gcc/arm-none-eabi/8.1.0/../../../../arm-none-eabi/lib/libg.a(lib_a-fclose.o)
 .comment       0x0000000000000022       0x23 /opt/devkitpro/devkitARM/lib/gcc/arm-none-eabi/8.1.0/../../../../arm-none-eabi/lib/libsysbase.a(iosupport.o)
 .comment       0x0000000000000022       0x23 /opt/devkitpro/devkitARM/lib/gcc/arm-none-eabi/8.1.0/../../../../arm-none-eabi/lib/libsysbase.a(close.o)
 .comment       0x0000000000000022       0x23 /opt/devkitpro/devkitARM/lib/gcc/arm-none-eabi/8.1.0/../../../../arm-none-eabi/lib/libsysbase.a(fstat.o)
 .comment       0x0000000000000022       0x23 /opt/devkitpro/devkitARM/lib/gcc/arm-none-eabi/8.1.0/../../../../arm-none-eabi/lib/libsysbase.a(isatty.o)
 .comment       0x0000000000000022       0x23 /opt/devkitpro/devkitARM/lib/gcc/arm-none-eabi/8.1.0/../../../../arm-none-eabi/lib/libsysbase.a(lseek.o)
 .comment       0x0000000000000022       0x23 /opt/devkitpro/devkitARM/lib/gcc/arm-none-eabi/8.1.0/../../../../arm-none-eabi/lib/libsysbase.a(read.o)
 .comment       0x0000000000000022       0x23 /opt/devkitpro/devkitARM/lib/gcc/arm-none-eabi/8.1.0/../../../../arm-none-eabi/lib/libsysbase.a(sbrk.o)
 .comment       0x0000000000000022       0x23 /opt/devkitpro/devkitARM/lib/gcc/arm-none-eabi/8.1.0/../../../../arm-none-eabi/lib/libsysbase.a(write.o)
 .comment       0x0000000000000022       0x23 /opt/devkitpro/devkitARM/lib/gcc/arm-none-eabi/8.1.0/../../../../arm-none-eabi/lib/libsysbase.a(malloc_vars.o)
 .comment       0x0000000000000022       0x23 /opt/devkitpro/devkitARM/lib/gcc/arm-none-eabi/8.1.0/../../../../arm-none-eabi/lib/libsysbase.a(build_argv.o)
 .comment       0x0000000000000022       0x23 /opt/devkitpro/devkitARM/lib/gcc/arm-none-eabi/8.1.0/../../../../arm-none-eabi/lib/libsysbase.a(flock.o)
 .comment       0x0000000000000022       0x23 /opt/devkitpro/devkitARM/lib/gcc/arm-none-eabi/8.1.0/../../../../arm-none-eabi/lib/libsysbase.a(syscall_support.o)
 .comment       0x0000000000000022       0x23 /opt/devkitpro/devkitARM/lib/gcc/arm-none-eabi/8.1.0/../../../../arm-none-eabi/lib/libsysbase.a(handle_manager.o)
 .comment       0x0000000000000022       0x23 /opt/devkitpro/devkitARM/lib/gcc/arm-none-eabi/8.1.0/../../../../arm-none-eabi/lib/libsysbase.a(getreent.o)
 .comment       0x0000000000000022       0x23 /opt/devkitpro/devkitARM/lib/gcc/arm-none-eabi/8.1.0/libgcc.a(_udivmoddi4.o)
 .comment       0x0000000000000022       0x23 /opt/devkitpro/devkitARM/lib/gcc/arm-none-eabi/8.1.0/crtend.o

.ARM.attributes
                0x0000000000000000       0x2d
 .ARM.attributes
                0x0000000000000000       0x21 /opt/devkitpro/devkitARM/lib/gcc/arm-none-eabi/8.1.0/../../../../arm-none-eabi/lib/ds_arm9_crt0.o
 .ARM.attributes
                0x0000000000000021       0x1c /opt/devkitpro/devkitARM/lib/gcc/arm-none-eabi/8.1.0/crti.o
 .ARM.attributes
                0x000000000000003d       0x2a /opt/devkitpro/devkitARM/lib/gcc/arm-none-eabi/8.1.0/crtbegin.o
 .ARM.attributes
                0x0000000000000067       0x2b Sytem.o
 .ARM.attributes
                0x0000000000000092       0x2b main.o
 .ARM.attributes
                0x00000000000000bd       0x2b /opt/devkitpro/libnds/lib/libnds9.a(background.o)
 .ARM.attributes
                0x00000000000000e8       0x2b /opt/devkitpro/libnds/lib/libnds9.a(sassert.o)
 .ARM.attributes
                0x0000000000000113       0x2b /opt/devkitpro/libnds/lib/libnds9.a(sprite_alloc.o)
 .ARM.attributes
                0x000000000000013e       0x2b /opt/devkitpro/libnds/lib/libnds9.a(console.o)
 .ARM.attributes
                0x0000000000000169       0x2b /opt/devkitpro/libnds/lib/libnds9.a(trig.o)
 .ARM.attributes
                0x0000000000000194       0x2b /opt/devkitpro/libnds/lib/libnds9.a(sprite.o)
 .ARM.attributes
                0x00000000000001bf       0x2b /opt/devkitpro/libnds/lib/libnds9.a(keys.o)
 .ARM.attributes
                0x00000000000001ea       0x2b /opt/devkitpro/libnds/lib/libnds9.a(initSystem.o)
 .ARM.attributes
                0x0000000000000215       0x2b /opt/devkitpro/libnds/lib/libnds9.a(timeSupport.o)
 .ARM.attributes
                0x0000000000000240       0x2b /opt/devkitpro/libnds/lib/libnds9.a(securearea.o)
 .ARM.attributes
                0x000000000000026b       0x2b /opt/devkitpro/libnds/lib/libnds9.a(interrupts.o)
 .ARM.attributes
                0x0000000000000296       0x2b /opt/devkitpro/libnds/lib/libnds9.a(libnds_exit.arm.o)
 .ARM.attributes
                0x00000000000002c1       0x2b /opt/devkitpro/libnds/lib/libnds9.a(fifosystem.o)
 .ARM.attributes
                0x00000000000002ec       0x1b /opt/devkitpro/libnds/lib/libnds9.a(dcache.o)
 .ARM.attributes
                0x0000000000000307       0x21 /opt/devkitpro/libnds/lib/libnds9.a(mpu_setup.o)
 .ARM.attributes
                0x0000000000000328       0x21 /opt/devkitpro/libnds/lib/libnds9.a(IntrWait.o)
 .ARM.attributes
                0x0000000000000349       0x21 /opt/devkitpro/libnds/lib/libnds9.a(cpu_clock.o)
 .ARM.attributes
                0x000000000000036a       0x1b /opt/devkitpro/libnds/lib/libnds9.a(interruptDispatcher.o)
 .ARM.attributes
                0x0000000000000385       0x21 /opt/devkitpro/libnds/lib/libnds9.a(swiSoftReset.o)
 .ARM.attributes
                0x00000000000003a6       0x14 /opt/devkitpro/libnds/lib/libnds9.a(default_font.bin.o)
 .ARM.attributes
                0x00000000000003ba       0x2b /opt/devkitpro/libnds/lib/libnds9.a(video.o)
 .ARM.attributes
                0x00000000000003e5       0x2b /opt/devkitpro/libnds/lib/libnds9.a(system.o)
 .ARM.attributes
                0x0000000000000410       0x1b /opt/devkitpro/libnds/lib/libnds9.a(biosCalls.o)
 .ARM.attributes
                0x000000000000042b       0x1c /opt/devkitpro/devkitARM/lib/gcc/arm-none-eabi/8.1.0/libgcc.a(_divsi3.o)
 .ARM.attributes
                0x0000000000000447       0x1c /opt/devkitpro/devkitARM/lib/gcc/arm-none-eabi/8.1.0/libgcc.a(_dvmd_tls.o)
 .ARM.attributes
                0x0000000000000463       0x2a /opt/devkitpro/devkitARM/lib/gcc/arm-none-eabi/8.1.0/../../../../arm-none-eabi/lib/libg.a(lib_a-init.o)
 .ARM.attributes
                0x000000000000048d       0x2a /opt/devkitpro/devkitARM/lib/gcc/arm-none-eabi/8.1.0/../../../../arm-none-eabi/lib/libg.a(lib_a-iprintf.o)
 .ARM.attributes
                0x00000000000004b7       0x2a /opt/devkitpro/devkitARM/lib/gcc/arm-none-eabi/8.1.0/../../../../arm-none-eabi/lib/libg.a(lib_a-malloc.o)
 .ARM.attributes
                0x00000000000004e1       0x2a /opt/devkitpro/devkitARM/lib/gcc/arm-none-eabi/8.1.0/../../../../arm-none-eabi/lib/libg.a(lib_a-mallocr.o)
 .ARM.attributes
                0x000000000000050b       0x2a /opt/devkitpro/devkitARM/lib/gcc/arm-none-eabi/8.1.0/../../../../arm-none-eabi/lib/libg.a(lib_a-memcpy-stub.o)
 .ARM.attributes
                0x0000000000000535       0x2a /opt/devkitpro/devkitARM/lib/gcc/arm-none-eabi/8.1.0/../../../../arm-none-eabi/lib/libg.a(lib_a-memset.o)
 .ARM.attributes
                0x000000000000055f       0x2a /opt/devkitpro/devkitARM/lib/gcc/arm-none-eabi/8.1.0/../../../../arm-none-eabi/lib/libg.a(lib_a-mlock.o)
 .ARM.attributes
                0x0000000000000589       0x2a /opt/devkitpro/devkitARM/lib/gcc/arm-none-eabi/8.1.0/../../../../arm-none-eabi/lib/libg.a(lib_a-realloc.o)
 .ARM.attributes
                0x00000000000005b3       0x2a /opt/devkitpro/devkitARM/lib/gcc/arm-none-eabi/8.1.0/../../../../arm-none-eabi/lib/libg.a(lib_a-reallocr.o)
 .ARM.attributes
                0x00000000000005dd       0x2a /opt/devkitpro/devkitARM/lib/gcc/arm-none-eabi/8.1.0/../../../../arm-none-eabi/lib/libg.a(lib_a-setvbuf.o)
 .ARM.attributes
                0x0000000000000607       0x2a /opt/devkitpro/devkitARM/lib/gcc/arm-none-eabi/8.1.0/../../../../arm-none-eabi/lib/libg.a(lib_a-siscanf.o)
 .ARM.attributes
                0x0000000000000631       0x2a /opt/devkitpro/devkitARM/lib/gcc/arm-none-eabi/8.1.0/../../../../arm-none-eabi/lib/libg.a(lib_a-stdio.o)
 .ARM.attributes
                0x000000000000065b       0x2a /opt/devkitpro/devkitARM/lib/gcc/arm-none-eabi/8.1.0/../../../../arm-none-eabi/lib/libg.a(lib_a-strlen-stub.o)
 .ARM.attributes
                0x0000000000000685       0x2a /opt/devkitpro/devkitARM/lib/gcc/arm-none-eabi/8.1.0/../../../../arm-none-eabi/lib/libg.a(lib_a-svfiscanf.o)
 .ARM.attributes
                0x00000000000006af       0x2a /opt/devkitpro/devkitARM/lib/gcc/arm-none-eabi/8.1.0/../../../../arm-none-eabi/lib/libg.a(lib_a-ungetc.o)
 .ARM.attributes
                0x00000000000006d9       0x2a /opt/devkitpro/devkitARM/lib/gcc/arm-none-eabi/8.1.0/../../../../arm-none-eabi/lib/libg.a(lib_a-vfiprintf.o)
 .ARM.attributes
                0x0000000000000703       0x2a /opt/devkitpro/devkitARM/lib/gcc/arm-none-eabi/8.1.0/../../../../arm-none-eabi/lib/libg.a(lib_a-viprintf.o)
 .ARM.attributes
                0x000000000000072d       0x2a /opt/devkitpro/devkitARM/lib/gcc/arm-none-eabi/8.1.0/../../../../arm-none-eabi/lib/libg.a(lib_a-wcrtomb.o)
 .ARM.attributes
                0x0000000000000757       0x2a /opt/devkitpro/devkitARM/lib/gcc/arm-none-eabi/8.1.0/../../../../arm-none-eabi/lib/libg.a(lib_a-wcsrtombs.o)
 .ARM.attributes
                0x0000000000000781       0x2a /opt/devkitpro/devkitARM/lib/gcc/arm-none-eabi/8.1.0/../../../../arm-none-eabi/lib/libg.a(lib_a-wsetup.o)
 .ARM.attributes
                0x00000000000007ab       0x2a /opt/devkitpro/devkitARM/lib/gcc/arm-none-eabi/8.1.0/../../../../arm-none-eabi/lib/libg.a(lib_a-fflush.o)
 .ARM.attributes
                0x00000000000007d5       0x2a /opt/devkitpro/devkitARM/lib/gcc/arm-none-eabi/8.1.0/../../../../arm-none-eabi/lib/libg.a(lib_a-findfp.o)
 .ARM.attributes
                0x00000000000007ff       0x2a /opt/devkitpro/devkitARM/lib/gcc/arm-none-eabi/8.1.0/../../../../arm-none-eabi/lib/libg.a(lib_a-freer.o)
 .ARM.attributes
                0x0000000000000829       0x2a /opt/devkitpro/devkitARM/lib/gcc/arm-none-eabi/8.1.0/../../../../arm-none-eabi/lib/libg.a(lib_a-fvwrite.o)
 .ARM.attributes
                0x0000000000000853       0x2a /opt/devkitpro/devkitARM/lib/gcc/arm-none-eabi/8.1.0/../../../../arm-none-eabi/lib/libg.a(lib_a-fwalk.o)
 .ARM.attributes
                0x000000000000087d       0x30 /opt/devkitpro/devkitARM/lib/gcc/arm-none-eabi/8.1.0/../../../../arm-none-eabi/lib/libg.a(lib_a-impure.o)
 .ARM.attributes
                0x00000000000008ad       0x2a /opt/devkitpro/devkitARM/lib/gcc/arm-none-eabi/8.1.0/../../../../arm-none-eabi/lib/libg.a(lib_a-iswspace.o)
 .ARM.attributes
                0x00000000000008d7       0x2a /opt/devkitpro/devkitARM/lib/gcc/arm-none-eabi/8.1.0/../../../../arm-none-eabi/lib/libg.a(lib_a-jp2uc.o)
 .ARM.attributes
                0x0000000000000901       0x2a /opt/devkitpro/devkitARM/lib/gcc/arm-none-eabi/8.1.0/../../../../arm-none-eabi/lib/libg.a(lib_a-localeconv.o)
 .ARM.attributes
                0x000000000000092b       0x2a /opt/devkitpro/devkitARM/lib/gcc/arm-none-eabi/8.1.0/../../../../arm-none-eabi/lib/libg.a(lib_a-locale.o)
 .ARM.attributes
                0x0000000000000955       0x2a /opt/devkitpro/devkitARM/lib/gcc/arm-none-eabi/8.1.0/../../../../arm-none-eabi/lib/libg.a(lib_a-makebuf.o)
 .ARM.attributes
                0x000000000000097f       0x2a /opt/devkitpro/devkitARM/lib/gcc/arm-none-eabi/8.1.0/../../../../arm-none-eabi/lib/libg.a(lib_a-mbrtowc.o)
 .ARM.attributes
                0x00000000000009a9       0x2a /opt/devkitpro/devkitARM/lib/gcc/arm-none-eabi/8.1.0/../../../../arm-none-eabi/lib/libg.a(lib_a-mbtowc_r.o)
 .ARM.attributes
                0x00000000000009d3       0x2a /opt/devkitpro/devkitARM/lib/gcc/arm-none-eabi/8.1.0/../../../../arm-none-eabi/lib/libg.a(lib_a-memchr-stub.o)
 .ARM.attributes
                0x00000000000009fd       0x2a /opt/devkitpro/devkitARM/lib/gcc/arm-none-eabi/8.1.0/../../../../arm-none-eabi/lib/libg.a(lib_a-memmove.o)
 .ARM.attributes
                0x0000000000000a27       0x2a /opt/devkitpro/devkitARM/lib/gcc/arm-none-eabi/8.1.0/../../../../arm-none-eabi/lib/libg.a(lib_a-sccl.o)
 .ARM.attributes
                0x0000000000000a51       0x1a /opt/devkitpro/devkitARM/lib/gcc/arm-none-eabi/8.1.0/../../../../arm-none-eabi/lib/libg.a(lib_a-strcmp.o)
 .ARM.attributes
                0x0000000000000a6b       0x2a /opt/devkitpro/devkitARM/lib/gcc/arm-none-eabi/8.1.0/../../../../arm-none-eabi/lib/libg.a(lib_a-strncpy.o)
 .ARM.attributes
                0x0000000000000a95       0x2a /opt/devkitpro/devkitARM/lib/gcc/arm-none-eabi/8.1.0/../../../../arm-none-eabi/lib/libg.a(lib_a-strtoll.o)
 .ARM.attributes
                0x0000000000000abf       0x2a /opt/devkitpro/devkitARM/lib/gcc/arm-none-eabi/8.1.0/../../../../arm-none-eabi/lib/libg.a(lib_a-strtol.o)
 .ARM.attributes
                0x0000000000000ae9       0x2a /opt/devkitpro/devkitARM/lib/gcc/arm-none-eabi/8.1.0/../../../../arm-none-eabi/lib/libg.a(lib_a-strtoull.o)
 .ARM.attributes
                0x0000000000000b13       0x2a /opt/devkitpro/devkitARM/lib/gcc/arm-none-eabi/8.1.0/../../../../arm-none-eabi/lib/libg.a(lib_a-strtoul.o)
 .ARM.attributes
                0x0000000000000b3d       0x2a /opt/devkitpro/devkitARM/lib/gcc/arm-none-eabi/8.1.0/../../../../arm-none-eabi/lib/libg.a(lib_a-svfiprintf.o)
 .ARM.attributes
                0x0000000000000b67       0x2a /opt/devkitpro/devkitARM/lib/gcc/arm-none-eabi/8.1.0/../../../../arm-none-eabi/lib/libg.a(lib_a-wcsnrtombs.o)
 .ARM.attributes
                0x0000000000000b91       0x2a /opt/devkitpro/devkitARM/lib/gcc/arm-none-eabi/8.1.0/../../../../arm-none-eabi/lib/libg.a(lib_a-wctomb_r.o)
 .ARM.attributes
                0x0000000000000bbb       0x2a /opt/devkitpro/devkitARM/lib/gcc/arm-none-eabi/8.1.0/../../../../arm-none-eabi/lib/libg.a(lib_a-ctype_.o)
 .ARM.attributes
                0x0000000000000be5       0x2a /opt/devkitpro/devkitARM/lib/gcc/arm-none-eabi/8.1.0/../../../../arm-none-eabi/lib/libg.a(lib_a-fclose.o)
 .ARM.attributes
                0x0000000000000c0f       0x2a /opt/devkitpro/devkitARM/lib/gcc/arm-none-eabi/8.1.0/../../../../arm-none-eabi/lib/libsysbase.a(iosupport.o)
 .ARM.attributes
                0x0000000000000c39       0x2a /opt/devkitpro/devkitARM/lib/gcc/arm-none-eabi/8.1.0/../../../../arm-none-eabi/lib/libsysbase.a(close.o)
 .ARM.attributes
                0x0000000000000c63       0x2a /opt/devkitpro/devkitARM/lib/gcc/arm-none-eabi/8.1.0/../../../../arm-none-eabi/lib/libsysbase.a(fstat.o)
 .ARM.attributes
                0x0000000000000c8d       0x2a /opt/devkitpro/devkitARM/lib/gcc/arm-none-eabi/8.1.0/../../../../arm-none-eabi/lib/libsysbase.a(isatty.o)
 .ARM.attributes
                0x0000000000000cb7       0x2a /opt/devkitpro/devkitARM/lib/gcc/arm-none-eabi/8.1.0/../../../../arm-none-eabi/lib/libsysbase.a(lseek.o)
 .ARM.attributes
                0x0000000000000ce1       0x2a /opt/devkitpro/devkitARM/lib/gcc/arm-none-eabi/8.1.0/../../../../arm-none-eabi/lib/libsysbase.a(read.o)
 .ARM.attributes
                0x0000000000000d0b       0x2a /opt/devkitpro/devkitARM/lib/gcc/arm-none-eabi/8.1.0/../../../../arm-none-eabi/lib/libsysbase.a(sbrk.o)
 .ARM.attributes
                0x0000000000000d35       0x2a /opt/devkitpro/devkitARM/lib/gcc/arm-none-eabi/8.1.0/../../../../arm-none-eabi/lib/libsysbase.a(write.o)
 .ARM.attributes
                0x0000000000000d5f       0x30 /opt/devkitpro/devkitARM/lib/gcc/arm-none-eabi/8.1.0/../../../../arm-none-eabi/lib/libsysbase.a(malloc_vars.o)
 .ARM.attributes
                0x0000000000000d8f       0x2a /opt/devkitpro/devkitARM/lib/gcc/arm-none-eabi/8.1.0/../../../../arm-none-eabi/lib/libsysbase.a(build_argv.o)
 .ARM.attributes
                0x0000000000000db9       0x2a /opt/devkitpro/devkitARM/lib/gcc/arm-none-eabi/8.1.0/../../../../arm-none-eabi/lib/libsysbase.a(flock.o)
 .ARM.attributes
                0x0000000000000de3       0x2a /opt/devkitpro/devkitARM/lib/gcc/arm-none-eabi/8.1.0/../../../../arm-none-eabi/lib/libsysbase.a(syscall_support.o)
 .ARM.attributes
                0x0000000000000e0d       0x2a /opt/devkitpro/devkitARM/lib/gcc/arm-none-eabi/8.1.0/../../../../arm-none-eabi/lib/libsysbase.a(handle_manager.o)
 .ARM.attributes
                0x0000000000000e37       0x2a /opt/devkitpro/devkitARM/lib/gcc/arm-none-eabi/8.1.0/../../../../arm-none-eabi/lib/libsysbase.a(getreent.o)
 .ARM.attributes
                0x0000000000000e61       0x1c /opt/devkitpro/devkitARM/lib/gcc/arm-none-eabi/8.1.0/libgcc.a(_udivsi3.o)
 .ARM.attributes
                0x0000000000000e7d       0x1c /opt/devkitpro/devkitARM/lib/gcc/arm-none-eabi/8.1.0/libgcc.a(_aeabi_uldivmod.o)
 .ARM.attributes
                0x0000000000000e99       0x2a /opt/devkitpro/devkitARM/lib/gcc/arm-none-eabi/8.1.0/libgcc.a(_udivmoddi4.o)
 .ARM.attributes
                0x0000000000000ec3       0x1c /opt/devkitpro/devkitARM/lib/gcc/arm-none-eabi/8.1.0/libgcc.a(_clzdi2.o)
 .ARM.attributes
                0x0000000000000edf       0x1c /opt/devkitpro/devkitARM/lib/gcc/arm-none-eabi/8.1.0/libgcc.a(_clzsi2.o)
 .ARM.attributes
                0x0000000000000efb       0x30 /opt/devkitpro/devkitARM/lib/gcc/arm-none-eabi/8.1.0/crtend.o
 .ARM.attributes
                0x0000000000000f2b       0x1c /opt/devkitpro/devkitARM/lib/gcc/arm-none-eabi/8.1.0/crtn.o

.debug
 *(.debug)

.line
 *(.line)

.debug_srcinfo
 *(.debug_srcinfo)

.debug_sfnames
 *(.debug_sfnames)

.debug_aranges  0x0000000000000000      0x670
 *(.debug_aranges)
 .debug_aranges
                0x0000000000000000       0x20 Sytem.o
 .debug_aranges
                0x0000000000000020       0x20 main.o
 .debug_aranges
                0x0000000000000040       0x48 /opt/devkitpro/libnds/lib/libnds9.a(background.o)
 .debug_aranges
                0x0000000000000088       0x20 /opt/devkitpro/libnds/lib/libnds9.a(sassert.o)
 .debug_aranges
                0x00000000000000a8       0x40 /opt/devkitpro/libnds/lib/libnds9.a(sprite_alloc.o)
 .debug_aranges
                0x00000000000000e8       0x88 /opt/devkitpro/libnds/lib/libnds9.a(console.o)
 .debug_aranges
                0x0000000000000170       0x60 /opt/devkitpro/libnds/lib/libnds9.a(trig.o)
 .debug_aranges
                0x00000000000001d0       0x60 /opt/devkitpro/libnds/lib/libnds9.a(sprite.o)
 .debug_aranges
                0x0000000000000230       0x50 /opt/devkitpro/libnds/lib/libnds9.a(keys.o)
 .debug_aranges
                0x0000000000000280       0x20 /opt/devkitpro/libnds/lib/libnds9.a(initSystem.o)
 .debug_aranges
                0x00000000000002a0       0x20 /opt/devkitpro/libnds/lib/libnds9.a(timeSupport.o)
 .debug_aranges
                0x00000000000002c0       0x18 /opt/devkitpro/libnds/lib/libnds9.a(securearea.o)
 .debug_aranges
                0x00000000000002d8       0x50 /opt/devkitpro/libnds/lib/libnds9.a(interrupts.o)
 .debug_aranges
                0x0000000000000328       0x28 /opt/devkitpro/libnds/lib/libnds9.a(libnds_exit.arm.o)
 .debug_aranges
                0x0000000000000350       0xb8 /opt/devkitpro/libnds/lib/libnds9.a(fifosystem.o)
 .debug_aranges
                0x0000000000000408       0x38 /opt/devkitpro/libnds/lib/libnds9.a(dcache.o)
 .debug_aranges
                0x0000000000000440       0x30 /opt/devkitpro/libnds/lib/libnds9.a(mpu_setup.o)
 .debug_aranges
                0x0000000000000470       0x28 /opt/devkitpro/libnds/lib/libnds9.a(IntrWait.o)
 .debug_aranges
                0x0000000000000498       0x20 /opt/devkitpro/libnds/lib/libnds9.a(cpu_clock.o)
 .debug_aranges
                0x00000000000004b8       0x20 /opt/devkitpro/libnds/lib/libnds9.a(interruptDispatcher.o)
 .debug_aranges
                0x00000000000004d8       0x20 /opt/devkitpro/libnds/lib/libnds9.a(swiSoftReset.o)
 .debug_aranges
                0x00000000000004f8       0x48 /opt/devkitpro/libnds/lib/libnds9.a(video.o)
 .debug_aranges
                0x0000000000000540       0x68 /opt/devkitpro/libnds/lib/libnds9.a(system.o)
 .debug_aranges
                0x00000000000005a8       0xc8 /opt/devkitpro/libnds/lib/libnds9.a(biosCalls.o)

.debug_pubnames
 *(.debug_pubnames)

.debug_info     0x0000000000000000    0x16712
 *(.debug_info)
 .debug_info    0x0000000000000000     0x316e Sytem.o
 .debug_info    0x000000000000316e     0x1ccc main.o
 .debug_info    0x0000000000004e3a     0x1424 /opt/devkitpro/libnds/lib/libnds9.a(background.o)
 .debug_info    0x000000000000625e      0xcfa /opt/devkitpro/libnds/lib/libnds9.a(sassert.o)
 .debug_info    0x0000000000006f58     0x1b96 /opt/devkitpro/libnds/lib/libnds9.a(sprite_alloc.o)
 .debug_info    0x0000000000008aee     0x29f7 /opt/devkitpro/libnds/lib/libnds9.a(console.o)
 .debug_info    0x000000000000b4e5      0xf1f /opt/devkitpro/libnds/lib/libnds9.a(trig.o)
 .debug_info    0x000000000000c404     0x1786 /opt/devkitpro/libnds/lib/libnds9.a(sprite.o)
 .debug_info    0x000000000000db8a      0xe17 /opt/devkitpro/libnds/lib/libnds9.a(keys.o)
 .debug_info    0x000000000000e9a1     0x1f13 /opt/devkitpro/libnds/lib/libnds9.a(initSystem.o)
 .debug_info    0x00000000000108b4      0xab7 /opt/devkitpro/libnds/lib/libnds9.a(timeSupport.o)
 .debug_info    0x000000000001136b       0x59 /opt/devkitpro/libnds/lib/libnds9.a(securearea.o)
 .debug_info    0x00000000000113c4      0x735 /opt/devkitpro/libnds/lib/libnds9.a(interrupts.o)
 .debug_info    0x0000000000011af9      0xd29 /opt/devkitpro/libnds/lib/libnds9.a(libnds_exit.arm.o)
 .debug_info    0x0000000000012822     0x2197 /opt/devkitpro/libnds/lib/libnds9.a(fifosystem.o)
 .debug_info    0x00000000000149b9       0x22 /opt/devkitpro/libnds/lib/libnds9.a(dcache.o)
 .debug_info    0x00000000000149db       0x22 /opt/devkitpro/libnds/lib/libnds9.a(mpu_setup.o)
 .debug_info    0x00000000000149fd       0x22 /opt/devkitpro/libnds/lib/libnds9.a(IntrWait.o)
 .debug_info    0x0000000000014a1f       0x26 /opt/devkitpro/libnds/lib/libnds9.a(cpu_clock.o)
 .debug_info    0x0000000000014a45       0x26 /opt/devkitpro/libnds/lib/libnds9.a(interruptDispatcher.o)
 .debug_info    0x0000000000014a6b       0x26 /opt/devkitpro/libnds/lib/libnds9.a(swiSoftReset.o)
 .debug_info    0x0000000000014a91      0x7dd /opt/devkitpro/libnds/lib/libnds9.a(video.o)
 .debug_info    0x000000000001526e     0x1482 /opt/devkitpro/libnds/lib/libnds9.a(system.o)
 .debug_info    0x00000000000166f0       0x22 /opt/devkitpro/libnds/lib/libnds9.a(biosCalls.o)

.debug_abbrev   0x0000000000000000     0x3bcd
 *(.debug_abbrev)
 .debug_abbrev  0x0000000000000000      0x57f Sytem.o
 .debug_abbrev  0x000000000000057f      0x386 main.o
 .debug_abbrev  0x0000000000000905      0x416 /opt/devkitpro/libnds/lib/libnds9.a(background.o)
 .debug_abbrev  0x0000000000000d1b      0x293 /opt/devkitpro/libnds/lib/libnds9.a(sassert.o)
 .debug_abbrev  0x0000000000000fae      0x414 /opt/devkitpro/libnds/lib/libnds9.a(sprite_alloc.o)
 .debug_abbrev  0x00000000000013c2      0x5a0 /opt/devkitpro/libnds/lib/libnds9.a(console.o)
 .debug_abbrev  0x0000000000001962      0x373 /opt/devkitpro/libnds/lib/libnds9.a(trig.o)
 .debug_abbrev  0x0000000000001cd5      0x428 /opt/devkitpro/libnds/lib/libnds9.a(sprite.o)
 .debug_abbrev  0x00000000000020fd      0x2c8 /opt/devkitpro/libnds/lib/libnds9.a(keys.o)
 .debug_abbrev  0x00000000000023c5      0x3af /opt/devkitpro/libnds/lib/libnds9.a(initSystem.o)
 .debug_abbrev  0x0000000000002774      0x20b /opt/devkitpro/libnds/lib/libnds9.a(timeSupport.o)
 .debug_abbrev  0x000000000000297f       0x47 /opt/devkitpro/libnds/lib/libnds9.a(securearea.o)
 .debug_abbrev  0x00000000000029c6      0x2f7 /opt/devkitpro/libnds/lib/libnds9.a(interrupts.o)
 .debug_abbrev  0x0000000000002cbd      0x2d0 /opt/devkitpro/libnds/lib/libnds9.a(libnds_exit.arm.o)
 .debug_abbrev  0x0000000000002f8d      0x59b /opt/devkitpro/libnds/lib/libnds9.a(fifosystem.o)
 .debug_abbrev  0x0000000000003528       0x12 /opt/devkitpro/libnds/lib/libnds9.a(dcache.o)
 .debug_abbrev  0x000000000000353a       0x12 /opt/devkitpro/libnds/lib/libnds9.a(mpu_setup.o)
 .debug_abbrev  0x000000000000354c       0x12 /opt/devkitpro/libnds/lib/libnds9.a(IntrWait.o)
 .debug_abbrev  0x000000000000355e       0x14 /opt/devkitpro/libnds/lib/libnds9.a(cpu_clock.o)
 .debug_abbrev  0x0000000000003572       0x14 /opt/devkitpro/libnds/lib/libnds9.a(interruptDispatcher.o)
 .debug_abbrev  0x0000000000003586       0x14 /opt/devkitpro/libnds/lib/libnds9.a(swiSoftReset.o)
 .debug_abbrev  0x000000000000359a      0x254 /opt/devkitpro/libnds/lib/libnds9.a(video.o)
 .debug_abbrev  0x00000000000037ee      0x3cd /opt/devkitpro/libnds/lib/libnds9.a(system.o)
 .debug_abbrev  0x0000000000003bbb       0x12 /opt/devkitpro/libnds/lib/libnds9.a(biosCalls.o)

.debug_line     0x0000000000000000     0x79a0
 *(.debug_line)
 .debug_line    0x0000000000000000      0xa12 Sytem.o
 .debug_line    0x0000000000000a12      0x3f0 main.o
 .debug_line    0x0000000000000e02      0x6e4 /opt/devkitpro/libnds/lib/libnds9.a(background.o)
 .debug_line    0x00000000000014e6      0x2e6 /opt/devkitpro/libnds/lib/libnds9.a(sassert.o)
 .debug_line    0x00000000000017cc      0x821 /opt/devkitpro/libnds/lib/libnds9.a(sprite_alloc.o)
 .debug_line    0x0000000000001fed     0x11f2 /opt/devkitpro/libnds/lib/libnds9.a(console.o)
 .debug_line    0x00000000000031df      0x6ac /opt/devkitpro/libnds/lib/libnds9.a(trig.o)
 .debug_line    0x000000000000388b      0x7e8 /opt/devkitpro/libnds/lib/libnds9.a(sprite.o)
 .debug_line    0x0000000000004073      0x43c /opt/devkitpro/libnds/lib/libnds9.a(keys.o)
 .debug_line    0x00000000000044af      0x57f /opt/devkitpro/libnds/lib/libnds9.a(initSystem.o)
 .debug_line    0x0000000000004a2e      0x21b /opt/devkitpro/libnds/lib/libnds9.a(timeSupport.o)
 .debug_line    0x0000000000004c49       0x82 /opt/devkitpro/libnds/lib/libnds9.a(securearea.o)
 .debug_line    0x0000000000004ccb      0x53b /opt/devkitpro/libnds/lib/libnds9.a(interrupts.o)
 .debug_line    0x0000000000005206      0x2d0 /opt/devkitpro/libnds/lib/libnds9.a(libnds_exit.arm.o)
 .debug_line    0x00000000000054d6     0x140d /opt/devkitpro/libnds/lib/libnds9.a(fifosystem.o)
 .debug_line    0x00000000000068e3       0xd3 /opt/devkitpro/libnds/lib/libnds9.a(dcache.o)
 .debug_line    0x00000000000069b6      0x12f /opt/devkitpro/libnds/lib/libnds9.a(mpu_setup.o)
 .debug_line    0x0000000000006ae5       0xba /opt/devkitpro/libnds/lib/libnds9.a(IntrWait.o)
 .debug_line    0x0000000000006b9f       0xa3 /opt/devkitpro/libnds/lib/libnds9.a(cpu_clock.o)
 .debug_line    0x0000000000006c42       0xcc /opt/devkitpro/libnds/lib/libnds9.a(interruptDispatcher.o)
 .debug_line    0x0000000000006d0e       0x9c /opt/devkitpro/libnds/lib/libnds9.a(swiSoftReset.o)
 .debug_line    0x0000000000006daa      0x4aa /opt/devkitpro/libnds/lib/libnds9.a(video.o)
 .debug_line    0x0000000000007254      0x55a /opt/devkitpro/libnds/lib/libnds9.a(system.o)
 .debug_line    0x00000000000077ae      0x1f2 /opt/devkitpro/libnds/lib/libnds9.a(biosCalls.o)

.debug_frame    0x0000000000000000      0xc04
 *(.debug_frame)
 .debug_frame   0x0000000000000000       0xac Sytem.o
 .debug_frame   0x00000000000000ac       0x28 main.o
 .debug_frame   0x00000000000000d4       0xcc /opt/devkitpro/libnds/lib/libnds9.a(background.o)
 .debug_frame   0x00000000000001a0       0x38 /opt/devkitpro/libnds/lib/libnds9.a(sassert.o)
 .debug_frame   0x00000000000001d8       0xb4 /opt/devkitpro/libnds/lib/libnds9.a(sprite_alloc.o)
 .debug_frame   0x000000000000028c      0x1a0 /opt/devkitpro/libnds/lib/libnds9.a(console.o)
 .debug_frame   0x000000000000042c       0xd0 /opt/devkitpro/libnds/lib/libnds9.a(trig.o)
 .debug_frame   0x00000000000004fc       0xf4 /opt/devkitpro/libnds/lib/libnds9.a(sprite.o)
 .debug_frame   0x00000000000005f0       0x8c /opt/devkitpro/libnds/lib/libnds9.a(keys.o)
 .debug_frame   0x000000000000067c       0x28 /opt/devkitpro/libnds/lib/libnds9.a(initSystem.o)
 .debug_frame   0x00000000000006a4       0x28 /opt/devkitpro/libnds/lib/libnds9.a(timeSupport.o)
 .debug_frame   0x00000000000006cc       0xa4 /opt/devkitpro/libnds/lib/libnds9.a(interrupts.o)
 .debug_frame   0x0000000000000770       0x3c /opt/devkitpro/libnds/lib/libnds9.a(libnds_exit.arm.o)
 .debug_frame   0x00000000000007ac      0x2a8 /opt/devkitpro/libnds/lib/libnds9.a(fifosystem.o)
 .debug_frame   0x0000000000000a54       0xb8 /opt/devkitpro/libnds/lib/libnds9.a(video.o)